Archive member included to satisfy reference by file (symbol)

c:/progra~2/gnuarm~1/102021~1.10/bin/../lib/gcc/arm-none-eabi/10.3.1/thumb/v7e-m+fp/hard\libgcc.a(_arm_muldf3.o)
                              CMakeFiles/RMTest.elf.dir/Core/Src/stm32f4xx_it.c.obj (__aeabi_dmul)
c:/progra~2/gnuarm~1/102021~1.10/bin/../lib/gcc/arm-none-eabi/10.3.1/thumb/v7e-m+fp/hard\libgcc.a(_arm_addsubdf3.o)
                              CMakeFiles/RMTest.elf.dir/DSP_Lib/Source/MatrixFunctions/arm_mat_inverse_f64.c.obj (__aeabi_dsub)
c:/progra~2/gnuarm~1/102021~1.10/bin/../lib/gcc/arm-none-eabi/10.3.1/thumb/v7e-m+fp/hard\libgcc.a(_arm_muldivdf3.o)
                              CMakeFiles/RMTest.elf.dir/Bsp/bsp_dwt.c.obj (__aeabi_ddiv)
c:/progra~2/gnuarm~1/102021~1.10/bin/../lib/gcc/arm-none-eabi/10.3.1/thumb/v7e-m+fp/hard\libgcc.a(_arm_cmpdf2.o)
                              CMakeFiles/RMTest.elf.dir/DSP_Lib/Source/MatrixFunctions/arm_mat_inverse_f64.c.obj (__aeabi_dcmpeq)
c:/progra~2/gnuarm~1/102021~1.10/bin/../lib/gcc/arm-none-eabi/10.3.1/thumb/v7e-m+fp/hard\libgcc.a(_arm_truncdfsf2.o)
                              CMakeFiles/RMTest.elf.dir/Controller/controller.c.obj (__aeabi_d2f)
c:/progra~2/gnuarm~1/102021~1.10/bin/../lib/gcc/arm-none-eabi/10.3.1/thumb/v7e-m+fp/hard\libgcc.a(_aeabi_ldivmod.o)
                              CMakeFiles/RMTest.elf.dir/DSP_Lib/Source/StatisticsFunctions/arm_mean_q31.c.obj (__aeabi_ldivmod)
c:/progra~2/gnuarm~1/102021~1.10/bin/../lib/gcc/arm-none-eabi/10.3.1/thumb/v7e-m+fp/hard\libgcc.a(_aeabi_uldivmod.o)
                              CMakeFiles/RMTest.elf.dir/Bsp/bsp_dwt.c.obj (__aeabi_uldivmod)
c:/progra~2/gnuarm~1/102021~1.10/bin/../lib/gcc/arm-none-eabi/10.3.1/thumb/v7e-m+fp/hard\libgcc.a(_fixsfdi.o)
                              CMakeFiles/RMTest.elf.dir/DSP_Lib/Source/SupportFunctions/arm_float_to_q31.c.obj (__aeabi_f2lz)
c:/progra~2/gnuarm~1/102021~1.10/bin/../lib/gcc/arm-none-eabi/10.3.1/thumb/v7e-m+fp/hard\libgcc.a(_fixunssfdi.o)
                              c:/progra~2/gnuarm~1/102021~1.10/bin/../lib/gcc/arm-none-eabi/10.3.1/thumb/v7e-m+fp/hard\libgcc.a(_fixsfdi.o) (__aeabi_f2ulz)
c:/progra~2/gnuarm~1/102021~1.10/bin/../lib/gcc/arm-none-eabi/10.3.1/thumb/v7e-m+fp/hard\libgcc.a(_udivmoddi4.o)
                              c:/progra~2/gnuarm~1/102021~1.10/bin/../lib/gcc/arm-none-eabi/10.3.1/thumb/v7e-m+fp/hard\libgcc.a(_aeabi_ldivmod.o) (__udivmoddi4)
c:/progra~2/gnuarm~1/102021~1.10/bin/../lib/gcc/arm-none-eabi/10.3.1/thumb/v7e-m+fp/hard\libgcc.a(_dvmd_tls.o)
                              c:/progra~2/gnuarm~1/102021~1.10/bin/../lib/gcc/arm-none-eabi/10.3.1/thumb/v7e-m+fp/hard\libgcc.a(_aeabi_ldivmod.o) (__aeabi_ldiv0)
c:/progra~2/gnuarm~1/102021~1.10/bin/../lib/gcc/arm-none-eabi/10.3.1/thumb/v7e-m+fp/hard\libgcc.a(_arm_fixunsdfsi.o)
                              c:/progra~2/gnuarm~1/102021~1.10/bin/../lib/gcc/arm-none-eabi/10.3.1/thumb/v7e-m+fp/hard\libgcc.a(_fixunssfdi.o) (__aeabi_d2uiz)
c:/progra~2/gnuarm~1/102021~1.10/bin/../lib/gcc/arm-none-eabi/10.3.1/../../../../arm-none-eabi/lib/thumb/v7e-m+fp/hard\libg.a(lib_a-errno.o)
                              CMakeFiles/RMTest.elf.dir/Core/Src/syscalls.c.obj (__errno)
c:/progra~2/gnuarm~1/102021~1.10/bin/../lib/gcc/arm-none-eabi/10.3.1/../../../../arm-none-eabi/lib/thumb/v7e-m+fp/hard\libg.a(lib_a-exit.o)
                              c:/progra~2/gnuarm~1/102021~1.10/bin/../lib/gcc/arm-none-eabi/10.3.1/../../../../arm-none-eabi/lib/thumb/v7e-m+fp/hard/crt0.o (exit)
c:/progra~2/gnuarm~1/102021~1.10/bin/../lib/gcc/arm-none-eabi/10.3.1/../../../../arm-none-eabi/lib/thumb/v7e-m+fp/hard\libg.a(lib_a-impure.o)
                              c:/progra~2/gnuarm~1/102021~1.10/bin/../lib/gcc/arm-none-eabi/10.3.1/../../../../arm-none-eabi/lib/thumb/v7e-m+fp/hard\libg.a(lib_a-exit.o) (_global_impure_ptr)
c:/progra~2/gnuarm~1/102021~1.10/bin/../lib/gcc/arm-none-eabi/10.3.1/../../../../arm-none-eabi/lib/thumb/v7e-m+fp/hard\libg.a(lib_a-init.o)
                              c:/progra~2/gnuarm~1/102021~1.10/bin/../lib/gcc/arm-none-eabi/10.3.1/../../../../arm-none-eabi/lib/thumb/v7e-m+fp/hard/crt0.o (__libc_init_array)
c:/progra~2/gnuarm~1/102021~1.10/bin/../lib/gcc/arm-none-eabi/10.3.1/../../../../arm-none-eabi/lib/thumb/v7e-m+fp/hard\libg.a(lib_a-malloc.o)
                              CMakeFiles/RMTest.elf.dir/Components/kalman_filter.c.obj (malloc)
c:/progra~2/gnuarm~1/102021~1.10/bin/../lib/gcc/arm-none-eabi/10.3.1/../../../../arm-none-eabi/lib/thumb/v7e-m+fp/hard\libg.a(lib_a-mallocr.o)
                              c:/progra~2/gnuarm~1/102021~1.10/bin/../lib/gcc/arm-none-eabi/10.3.1/../../../../arm-none-eabi/lib/thumb/v7e-m+fp/hard\libg.a(lib_a-malloc.o) (_malloc_r)
c:/progra~2/gnuarm~1/102021~1.10/bin/../lib/gcc/arm-none-eabi/10.3.1/../../../../arm-none-eabi/lib/thumb/v7e-m+fp/hard\libg.a(lib_a-memcpy.o)
                              CMakeFiles/RMTest.elf.dir/Algorithm/QuaternionEKF.c.obj (memcpy)
[...]
Memory Configuration

Name             Origin             Length             Attributes
CCMRAM           0x10000000         0x00010000         xrw
RAM              0x20000000         0x00020000         xrw
FLASH            0x08000000         0x00100000         xr
*default*        0x00000000         0xffffffff

Linker script and memory map

LOAD c:/progra~2/gnuarm~1/102021~1.10/bin/../lib/gcc/arm-none-eabi/10.3.1/thumb/v7e-m+fp/hard/crti.o
LOAD c:/progra~2/gnuarm~1/102021~1.10/bin/../lib/gcc/arm-none-eabi/10.3.1/thumb/v7e-m+fp/hard/crtbegin.o
LOAD c:/progra~2/gnuarm~1/102021~1.10/bin/../lib/gcc/arm-none-eabi/10.3.1/../../../../arm-none-eabi/lib/thumb/v7e-m+fp/hard/crt0.o
LOAD CMakeFiles/RMTest.elf.dir/Algorithm/QuaternionEKF.c.obj
LOAD CMakeFiles/RMTest.elf.dir/Application/ins_task.c.obj
LOAD CMakeFiles/RMTest.elf.dir/Bsp/Bsp_CAN.c.obj
LOAD CMakeFiles/RMTest.elf.dir/Bsp/Bsp_Controller.c.obj
LOAD CMakeFiles/RMTest.elf.dir/Bsp/bsp_PWM.c.obj
LOAD CMakeFiles/RMTest.elf.dir/Bsp/bsp_dwt.c.obj
LOAD CMakeFiles/RMTest.elf.dir/Components/kalman_filter.c.obj
LOAD CMakeFiles/RMTest.elf.dir/Components/user_lib.c.obj
LOAD CMakeFiles/RMTest.elf.dir/Controller/controller.c.obj
LOAD CMakeFiles/RMTest.elf.dir/Core/Src/can.c.obj
LOAD CMakeFiles/RMTest.elf.dir/Core/Src/dma.c.obj
LOAD CMakeFiles/RMTest.elf.dir/Core/Src/gpio.c.obj
LOAD CMakeFiles/RMTest.elf.dir/Core/Src/main.c.obj
LOAD CMakeFiles/RMTest.elf.dir/Core/Src/spi.c.obj
LOAD CMakeFiles/RMTest.elf.dir/Core/Src/stm32f4xx_hal_msp.c.obj
LOAD CMakeFiles/RMTest.elf.dir/Core/Src/stm32f4xx_hal_timebase_tim.c.obj
LOAD CMakeFiles/RMTest.elf.dir/Core/Src/stm32f4xx_it.c.obj
LOAD CMakeFiles/RMTest.elf.dir/Core/Src/syscalls.c.obj
LOAD CMakeFiles/RMTest.elf.dir/Core/Src/sysmem.c.obj
LOAD CMakeFiles/RMTest.elf.dir/Core/Src/system_stm32f4xx.c.obj
LOAD CMakeFiles/RMTest.elf.dir/Core/Src/tim.c.obj
LOAD CMakeFiles/RMTest.elf.dir/Core/Src/usart.c.obj
LOAD CMakeFiles/RMTest.elf.dir/Core/Startup/startup_stm32f407ighx.s.obj
LOAD CMakeFiles/RMTest.elf.dir/DSP_Lib/Source/BasicMathFunctions/arm_abs_f32.c.obj
LOAD CMakeFiles/RMTest.elf.dir/DSP_Lib/Source/BasicMathFunctions/arm_abs_q15.c.obj
LOAD CMakeFiles/RMTest.elf.dir/DSP_Lib/Source/BasicMathFunctions/arm_abs_q31.c.obj
LOAD CMakeFiles/RMTest.elf.dir/DSP_Lib/Source/BasicMathFunctions/arm_abs_q7.c.obj
LOAD CMakeFiles/RMTest.elf.dir/DSP_Lib/Source/BasicMathFunctions/arm_add_f32.c.obj
LOAD CMakeFiles/RMTest.elf.dir/DSP_Lib/Source/BasicMathFunctions/arm_add_q15.c.obj
LOAD CMakeFiles/RMTest.elf.dir/DSP_Lib/Source/BasicMathFunctions/arm_add_q31.c.obj
LOAD CMakeFiles/RMTest.elf.dir/DSP_Lib/Source/BasicMathFunctions/arm_add_q7.c.obj
LOAD CMakeFiles/RMTest.elf.dir/DSP_Lib/Source/BasicMathFunctions/arm_dot_prod_f32.c.obj
LOAD CMakeFiles/RMTest.elf.dir/DSP_Lib/Source/BasicMathFunctions/arm_dot_prod_q15.c.obj
LOAD CMakeFiles/RMTest.elf.dir/DSP_Lib/Source/BasicMathFunctions/arm_dot_prod_q31.c.obj
LOAD CMakeFiles/RMTest.elf.dir/DSP_Lib/Source/BasicMathFunctions/arm_dot_prod_q7.c.obj
LOAD CMakeFiles/RMTest.elf.dir/DSP_Lib/Source/BasicMathFunctions/arm_mult_f32.c.obj
LOAD CMakeFiles/RMTest.elf.dir/DSP_Lib/Source/BasicMathFunctions/arm_mult_q15.c.obj
LOAD CMakeFiles/RMTest.elf.dir/DSP_Lib/Source/BasicMathFunctions/arm_mult_q31.c.obj
LOAD CMakeFiles/RMTest.elf.dir/DSP_Lib/Source/BasicMathFunctions/arm_mult_q7.c.obj
LOAD CMakeFiles/RMTest.elf.dir/DSP_Lib/Source/BasicMathFunctions/arm_negate_f32.c.obj
LOAD CMakeFiles/RMTest.elf.dir/DSP_Lib/Source/BasicMathFunctions/arm_negate_q15.c.obj
LOAD CMakeFiles/RMTest.elf.dir/DSP_Lib/Source/BasicMathFunctions/arm_negate_q31.c.obj
LOAD CMakeFiles/RMTest.elf.dir/DSP_Lib/Source/BasicMathFunctions/arm_negate_q7.c.obj
LOAD CMakeFiles/RMTest.elf.dir/DSP_Lib/Source/BasicMathFunctions/arm_offset_f32.c.obj
LOAD CMakeFiles/RMTest.elf.dir/DSP_Lib/Source/BasicMathFunctions/arm_offset_q15.c.obj
LOAD CMakeFiles/RMTest.elf.dir/DSP_Lib/Source/BasicMathFunctions/arm_offset_q31.c.obj
LOAD CMakeFiles/RMTest.elf.dir/DSP_Lib/Source/BasicMathFunctions/arm_offset_q7.c.obj
LOAD CMakeFiles/RMTest.elf.dir/DSP_Lib/Source/BasicMathFunctions/arm_scale_f32.c.obj
LOAD CMakeFiles/RMTest.elf.dir/DSP_Lib/Source/BasicMathFunctions/arm_scale_q15.c.obj
LOAD CMakeFiles/RMTest.elf.dir/DSP_Lib/Source/BasicMathFunctions/arm_scale_q31.c.obj
LOAD CMakeFiles/RMTest.elf.dir/DSP_Lib/Source/BasicMathFunctions/arm_scale_q7.c.obj
LOAD CMakeFiles/RMTest.elf.dir/DSP_Lib/Source/BasicMathFunctions/arm_shift_q15.c.obj
LOAD CMakeFiles/RMTest.elf.dir/DSP_Lib/Source/BasicMathFunctions/arm_shift_q31.c.obj
LOAD CMakeFiles/RMTest.elf.dir/DSP_Lib/Source/BasicMathFunctions/arm_shift_q7.c.obj
LOAD CMakeFiles/RMTest.elf.dir/DSP_Lib/Source/BasicMathFunctions/arm_sub_f32.c.obj
LOAD CMakeFiles/RMTest.elf.dir/DSP_Lib/Source/BasicMathFunctions/arm_sub_q15.c.obj
LOAD CMakeFiles/RMTest.elf.dir/DSP_Lib/Source/BasicMathFunctions/arm_sub_q31.c.obj
LOAD CMakeFiles/RMTest.elf.dir/DSP_Lib/Source/BasicMathFunctions/arm_sub_q7.c.obj
LOAD CMakeFiles/RMTest.elf.dir/DSP_Lib/Source/CommonTables/arm_common_tables.c.obj
LOAD CMakeFiles/RMTest.elf.dir/DSP_Lib/Source/CommonTables/arm_const_structs.c.obj
LOAD CMakeFiles/RMTest.elf.dir/DSP_Lib/Source/ComplexMathFunctions/arm_cmplx_conj_f32.c.obj
LOAD CMakeFiles/RMTest.elf.dir/DSP_Lib/Source/ComplexMathFunctions/arm_cmplx_conj_q15.c.obj
LOAD CMakeFiles/RMTest.elf.dir/DSP_Lib/Source/ComplexMathFunctions/arm_cmplx_conj_q31.c.obj
LOAD CMakeFiles/RMTest.elf.dir/DSP_Lib/Source/ComplexMathFunctions/arm_cmplx_dot_prod_f32.c.obj
LOAD CMakeFiles/RMTest.elf.dir/DSP_Lib/Source/ComplexMathFunctions/arm_cmplx_dot_prod_q15.c.obj
LOAD CMakeFiles/RMTest.elf.dir/DSP_Lib/Source/ComplexMathFunctions/arm_cmplx_dot_prod_q31.c.obj
LOAD CMakeFiles/RMTest.elf.dir/DSP_Lib/Source/ComplexMathFunctions/arm_cmplx_mag_f32.c.obj
LOAD CMakeFiles/RMTest.elf.dir/DSP_Lib/Source/ComplexMathFunctions/arm_cmplx_mag_q15.c.obj
LOAD CMakeFiles/RMTest.elf.dir/DSP_Lib/Source/ComplexMathFunctions/arm_cmplx_mag_q31.c.obj
LOAD CMakeFiles/RMTest.elf.dir/DSP_Lib/Source/ComplexMathFunctions/arm_cmplx_mag_squared_f32.c.obj
LOAD CMakeFiles/RMTest.elf.dir/DSP_Lib/Source/ComplexMathFunctions/arm_cmplx_mag_squared_q15.c.obj
LOAD CMakeFiles/RMTest.elf.dir/DSP_Lib/Source/ComplexMathFunctions/arm_cmplx_mag_squared_q31.c.obj
LOAD CMakeFiles/RMTest.elf.dir/DSP_Lib/Source/ComplexMathFunctions/arm_cmplx_mult_cmplx_f32.c.obj
LOAD CMakeFiles/RMTest.elf.dir/DSP_Lib/Source/ComplexMathFunctions/arm_cmplx_mult_cmplx_q15.c.obj
LOAD CMakeFiles/RMTest.elf.dir/DSP_Lib/Source/ComplexMathFunctions/arm_cmplx_mult_cmplx_q31.c.obj
LOAD CMakeFiles/RMTest.elf.dir/DSP_Lib/Source/ComplexMathFunctions/arm_cmplx_mult_real_f32.c.obj
LOAD CMakeFiles/RMTest.elf.dir/DSP_Lib/Source/ComplexMathFunctions/arm_cmplx_mult_real_q15.c.obj
LOAD CMakeFiles/RMTest.elf.dir/DSP_Lib/Source/ComplexMathFunctions/arm_cmplx_mult_real_q31.c.obj
LOAD CMakeFiles/RMTest.elf.dir/DSP_Lib/Source/ControllerFunctions/arm_pid_init_f32.c.obj
LOAD CMakeFiles/RMTest.elf.dir/DSP_Lib/Source/ControllerFunctions/arm_pid_init_q15.c.obj
LOAD CMakeFiles/RMTest.elf.dir/DSP_Lib/Source/ControllerFunctions/arm_pid_init_q31.c.obj
LOAD CMakeFiles/RMTest.elf.dir/DSP_Lib/Source/ControllerFunctions/arm_pid_reset_f32.c.obj
LOAD CMakeFiles/RMTest.elf.dir/DSP_Lib/Source/ControllerFunctions/arm_pid_reset_q15.c.obj
LOAD CMakeFiles/RMTest.elf.dir/DSP_Lib/Source/ControllerFunctions/arm_pid_reset_q31.c.obj
LOAD CMakeFiles/RMTest.elf.dir/DSP_Lib/Source/ControllerFunctions/arm_sin_cos_f32.c.obj
LOAD CMakeFiles/RMTest.elf.dir/DSP_Lib/Source/ControllerFunctions/arm_sin_cos_q31.c.obj
LOAD CMakeFiles/RMTest.elf.dir/DSP_Lib/Source/FastMathFunctions/arm_cos_f32.c.obj
LOAD CMakeFiles/RMTest.elf.dir/DSP_Lib/Source/FastMathFunctions/arm_cos_q15.c.obj
LOAD CMakeFiles/RMTest.elf.dir/DSP_Lib/Source/FastMathFunctions/arm_cos_q31.c.obj
LOAD CMakeFiles/RMTest.elf.dir/DSP_Lib/Source/FastMathFunctions/arm_sin_f32.c.obj
LOAD CMakeFiles/RMTest.elf.dir/DSP_Lib/Source/FastMathFunctions/arm_sin_q15.c.obj
LOAD CMakeFiles/RMTest.elf.dir/DSP_Lib/Source/FastMathFunctions/arm_sin_q31.c.obj
LOAD CMakeFiles/RMTest.elf.dir/DSP_Lib/Source/FastMathFunctions/arm_sqrt_q15.c.obj
LOAD CMakeFiles/RMTest.elf.dir/DSP_Lib/Source/FastMathFunctions/arm_sqrt_q31.c.obj
LOAD CMakeFiles/RMTest.elf.dir/DSP_Lib/Source/FilteringFunctions/arm_biquad_cascade_df1_32x64_init_q31.c.obj
LOAD CMakeFiles/RMTest.elf.dir/DSP_Lib/Source/FilteringFunctions/arm_biquad_cascade_df1_32x64_q31.c.obj
LOAD CMakeFiles/RMTest.elf.dir/DSP_Lib/Source/FilteringFunctions/arm_biquad_cascade_df1_f32.c.obj
LOAD CMakeFiles/RMTest.elf.dir/DSP_Lib/Source/FilteringFunctions/arm_biquad_cascade_df1_fast_q15.c.obj
LOAD CMakeFiles/RMTest.elf.dir/DSP_Lib/Source/FilteringFunctions/arm_biquad_cascade_df1_fast_q31.c.obj
LOAD CMakeFiles/RMTest.elf.dir/DSP_Lib/Source/FilteringFunctions/arm_biquad_cascade_df1_init_f32.c.obj
LOAD CMakeFiles/RMTest.elf.dir/DSP_Lib/Source/FilteringFunctions/arm_biquad_cascade_df1_init_q15.c.obj
LOAD CMakeFiles/RMTest.elf.dir/DSP_Lib/Source/FilteringFunctions/arm_biquad_cascade_df1_init_q31.c.obj
LOAD CMakeFiles/RMTest.elf.dir/DSP_Lib/Source/FilteringFunctions/arm_biquad_cascade_df1_q15.c.obj
LOAD CMakeFiles/RMTest.elf.dir/DSP_Lib/Source/FilteringFunctions/arm_biquad_cascade_df1_q31.c.obj
LOAD CMakeFiles/RMTest.elf.dir/DSP_Lib/Source/FilteringFunctions/arm_biquad_cascade_df2T_f32.c.obj
LOAD CMakeFiles/RMTest.elf.dir/DSP_Lib/Source/FilteringFunctions/arm_biquad_cascade_df2T_f64.c.obj
LOAD CMakeFiles/RMTest.elf.dir/DSP_Lib/Source/FilteringFunctions/arm_biquad_cascade_df2T_init_f32.c.obj
LOAD CMakeFiles/RMTest.elf.dir/DSP_Lib/Source/FilteringFunctions/arm_biquad_cascade_df2T_init_f64.c.obj
LOAD CMakeFiles/RMTest.elf.dir/DSP_Lib/Source/FilteringFunctions/arm_biquad_cascade_stereo_df2T_f32.c.obj
LOAD CMakeFiles/RMTest.elf.dir/DSP_Lib/Source/FilteringFunctions/arm_biquad_cascade_stereo_df2T_init_f32.c.obj
LOAD CMakeFiles/RMTest.elf.dir/DSP_Lib/Source/FilteringFunctions/arm_conv_f32.c.obj
LOAD CMakeFiles/RMTest.elf.dir/DSP_Lib/Source/FilteringFunctions/arm_conv_fast_opt_q15.c.obj
LOAD CMakeFiles/RMTest.elf.dir/DSP_Lib/Source/FilteringFunctions/arm_conv_fast_q15.c.obj
LOAD CMakeFiles/RMTest.elf.dir/DSP_Lib/Source/FilteringFunctions/arm_conv_fast_q31.c.obj
LOAD CMakeFiles/RMTest.elf.dir/DSP_Lib/Source/FilteringFunctions/arm_conv_opt_q15.c.obj
LOAD CMakeFiles/RMTest.elf.dir/DSP_Lib/Source/FilteringFunctions/arm_conv_opt_q7.c.obj
LOAD CMakeFiles/RMTest.elf.dir/DSP_Lib/Source/FilteringFunctions/arm_conv_partial_f32.c.obj
LOAD CMakeFiles/RMTest.elf.dir/DSP_Lib/Source/FilteringFunctions/arm_conv_partial_fast_opt_q15.c.obj
LOAD CMakeFiles/RMTest.elf.dir/DSP_Lib/Source/FilteringFunctions/arm_conv_partial_fast_q15.c.obj
LOAD CMakeFiles/RMTest.elf.dir/DSP_Lib/Source/FilteringFunctions/arm_conv_partial_fast_q31.c.obj
LOAD CMakeFiles/RMTest.elf.dir/DSP_Lib/Source/FilteringFunctions/arm_conv_partial_opt_q15.c.obj
LOAD CMakeFiles/RMTest.elf.dir/DSP_Lib/Source/FilteringFunctions/arm_conv_partial_opt_q7.c.obj
LOAD CMakeFiles/RMTest.elf.dir/DSP_Lib/Source/FilteringFunctions/arm_conv_partial_q15.c.obj
LOAD CMakeFiles/RMTest.elf.dir/DSP_Lib/Source/FilteringFunctions/arm_conv_partial_q31.c.obj
LOAD CMakeFiles/RMTest.elf.dir/DSP_Lib/Source/FilteringFunctions/arm_conv_partial_q7.c.obj
LOAD CMakeFiles/RMTest.elf.dir/DSP_Lib/Source/FilteringFunctions/arm_conv_q15.c.obj
LOAD CMakeFiles/RMTest.elf.dir/DSP_Lib/Source/FilteringFunctions/arm_conv_q31.c.obj
LOAD CMakeFiles/RMTest.elf.dir/DSP_Lib/Source/FilteringFunctions/arm_conv_q7.c.obj
LOAD CMakeFiles/RMTest.elf.dir/DSP_Lib/Source/FilteringFunctions/arm_correlate_f32.c.obj
LOAD CMakeFiles/RMTest.elf.dir/DSP_Lib/Source/FilteringFunctions/arm_correlate_fast_opt_q15.c.obj
LOAD CMakeFiles/RMTest.elf.dir/DSP_Lib/Source/FilteringFunctions/arm_correlate_fast_q15.c.obj
LOAD CMakeFiles/RMTest.elf.dir/DSP_Lib/Source/FilteringFunctions/arm_correlate_fast_q31.c.obj
LOAD CMakeFiles/RMTest.elf.dir/DSP_Lib/Source/FilteringFunctions/arm_correlate_opt_q15.c.obj
LOAD CMakeFiles/RMTest.elf.dir/DSP_Lib/Source/FilteringFunctions/arm_correlate_opt_q7.c.obj
LOAD CMakeFiles/RMTest.elf.dir/DSP_Lib/Source/FilteringFunctions/arm_correlate_q15.c.obj
LOAD CMakeFiles/RMTest.elf.dir/DSP_Lib/Source/FilteringFunctions/arm_correlate_q31.c.obj
LOAD CMakeFiles/RMTest.elf.dir/DSP_Lib/Source/FilteringFunctions/arm_correlate_q7.c.obj
LOAD CMakeFiles/RMTest.elf.dir/DSP_Lib/Source/FilteringFunctions/arm_fir_decimate_f32.c.obj
LOAD CMakeFiles/RMTest.elf.dir/DSP_Lib/Source/FilteringFunctions/arm_fir_decimate_fast_q15.c.obj
LOAD CMakeFiles/RMTest.elf.dir/DSP_Lib/Source/FilteringFunctions/arm_fir_decimate_fast_q31.c.obj
LOAD CMakeFiles/RMTest.elf.dir/DSP_Lib/Source/FilteringFunctions/arm_fir_decimate_init_f32.c.obj
LOAD CMakeFiles/RMTest.elf.dir/DSP_Lib/Source/FilteringFunctions/arm_fir_decimate_init_q15.c.obj
LOAD CMakeFiles/RMTest.elf.dir/DSP_Lib/Source/FilteringFunctions/arm_fir_decimate_init_q31.c.obj
LOAD CMakeFiles/RMTest.elf.dir/DSP_Lib/Source/FilteringFunctions/arm_fir_decimate_q15.c.obj
LOAD CMakeFiles/RMTest.elf.dir/DSP_Lib/Source/FilteringFunctions/arm_fir_decimate_q31.c.obj
LOAD CMakeFiles/RMTest.elf.dir/DSP_Lib/Source/FilteringFunctions/arm_fir_f32.c.obj
LOAD CMakeFiles/RMTest.elf.dir/DSP_Lib/Source/FilteringFunctions/arm_fir_fast_q15.c.obj
LOAD CMakeFiles/RMTest.elf.dir/DSP_Lib/Source/FilteringFunctions/arm_fir_fast_q31.c.obj
LOAD CMakeFiles/RMTest.elf.dir/DSP_Lib/Source/FilteringFunctions/arm_fir_init_f32.c.obj
LOAD CMakeFiles/RMTest.elf.dir/DSP_Lib/Source/FilteringFunctions/arm_fir_init_q15.c.obj
LOAD CMakeFiles/RMTest.elf.dir/DSP_Lib/Source/FilteringFunctions/arm_fir_init_q31.c.obj
LOAD CMakeFiles/RMTest.elf.dir/DSP_Lib/Source/FilteringFunctions/arm_fir_init_q7.c.obj
LOAD CMakeFiles/RMTest.elf.dir/DSP_Lib/Source/FilteringFunctions/arm_fir_interpolate_f32.c.obj
LOAD CMakeFiles/RMTest.elf.dir/DSP_Lib/Source/FilteringFunctions/arm_fir_interpolate_init_f32.c.obj
LOAD CMakeFiles/RMTest.elf.dir/DSP_Lib/Source/FilteringFunctions/arm_fir_interpolate_init_q15.c.obj
LOAD CMakeFiles/RMTest.elf.dir/DSP_Lib/Source/FilteringFunctions/arm_fir_interpolate_init_q31.c.obj
LOAD CMakeFiles/RMTest.elf.dir/DSP_Lib/Source/FilteringFunctions/arm_fir_interpolate_q15.c.obj
LOAD CMakeFiles/RMTest.elf.dir/DSP_Lib/Source/FilteringFunctions/arm_fir_interpolate_q31.c.obj
LOAD CMakeFiles/RMTest.elf.dir/DSP_Lib/Source/FilteringFunctions/arm_fir_lattice_f32.c.obj
LOAD CMakeFiles/RMTest.elf.dir/DSP_Lib/Source/FilteringFunctions/arm_fir_lattice_init_f32.c.obj
LOAD CMakeFiles/RMTest.elf.dir/DSP_Lib/Source/FilteringFunctions/arm_fir_lattice_init_q15.c.obj
LOAD CMakeFiles/RMTest.elf.dir/DSP_Lib/Source/FilteringFunctions/arm_fir_lattice_init_q31.c.obj
LOAD CMakeFiles/RMTest.elf.dir/DSP_Lib/Source/FilteringFunctions/arm_fir_lattice_q15.c.obj
LOAD CMakeFiles/RMTest.elf.dir/DSP_Lib/Source/FilteringFunctions/arm_fir_lattice_q31.c.obj
LOAD CMakeFiles/RMTest.elf.dir/DSP_Lib/Source/FilteringFunctions/arm_fir_q15.c.obj
LOAD CMakeFiles/RMTest.elf.dir/DSP_Lib/Source/FilteringFunctions/arm_fir_q31.c.obj
LOAD CMakeFiles/RMTest.elf.dir/DSP_Lib/Source/FilteringFunctions/arm_fir_q7.c.obj
LOAD CMakeFiles/RMTest.elf.dir/DSP_Lib/Source/FilteringFunctions/arm_fir_sparse_f32.c.obj
LOAD CMakeFiles/RMTest.elf.dir/DSP_Lib/Source/FilteringFunctions/arm_fir_sparse_init_f32.c.obj
LOAD CMakeFiles/RMTest.elf.dir/DSP_Lib/Source/FilteringFunctions/arm_fir_sparse_init_q15.c.obj
LOAD CMakeFiles/RMTest.elf.dir/DSP_Lib/Source/FilteringFunctions/arm_fir_sparse_init_q31.c.obj
LOAD CMakeFiles/RMTest.elf.dir/DSP_Lib/Source/FilteringFunctions/arm_fir_sparse_init_q7.c.obj
LOAD CMakeFiles/RMTest.elf.dir/DSP_Lib/Source/FilteringFunctions/arm_fir_sparse_q15.c.obj
LOAD CMakeFiles/RMTest.elf.dir/DSP_Lib/Source/FilteringFunctions/arm_fir_sparse_q31.c.obj
LOAD CMakeFiles/RMTest.elf.dir/DSP_Lib/Source/FilteringFunctions/arm_fir_sparse_q7.c.obj
LOAD CMakeFiles/RMTest.elf.dir/DSP_Lib/Source/FilteringFunctions/arm_iir_lattice_f32.c.obj
LOAD CMakeFiles/RMTest.elf.dir/DSP_Lib/Source/FilteringFunctions/arm_iir_lattice_init_f32.c.obj
LOAD CMakeFiles/RMTest.elf.dir/DSP_Lib/Source/FilteringFunctions/arm_iir_lattice_init_q15.c.obj
LOAD CMakeFiles/RMTest.elf.dir/DSP_Lib/Source/FilteringFunctions/arm_iir_lattice_init_q31.c.obj
LOAD CMakeFiles/RMTest.elf.dir/DSP_Lib/Source/FilteringFunctions/arm_iir_lattice_q15.c.obj
LOAD CMakeFiles/RMTest.elf.dir/DSP_Lib/Source/FilteringFunctions/arm_iir_lattice_q31.c.obj
LOAD CMakeFiles/RMTest.elf.dir/DSP_Lib/Source/FilteringFunctions/arm_lms_f32.c.obj
LOAD CMakeFiles/RMTest.elf.dir/DSP_Lib/Source/FilteringFunctions/arm_lms_init_f32.c.obj
LOAD CMakeFiles/RMTest.elf.dir/DSP_Lib/Source/FilteringFunctions/arm_lms_init_q15.c.obj
LOAD CMakeFiles/RMTest.elf.dir/DSP_Lib/Source/FilteringFunctions/arm_lms_init_q31.c.obj
LOAD CMakeFiles/RMTest.elf.dir/DSP_Lib/Source/FilteringFunctions/arm_lms_norm_f32.c.obj
LOAD CMakeFiles/RMTest.elf.dir/DSP_Lib/Source/FilteringFunctions/arm_lms_norm_init_f32.c.obj
LOAD CMakeFiles/RMTest.elf.dir/DSP_Lib/Source/FilteringFunctions/arm_lms_norm_init_q15.c.obj
LOAD CMakeFiles/RMTest.elf.dir/DSP_Lib/Source/FilteringFunctions/arm_lms_norm_init_q31.c.obj
LOAD CMakeFiles/RMTest.elf.dir/DSP_Lib/Source/FilteringFunctions/arm_lms_norm_q15.c.obj
LOAD CMakeFiles/RMTest.elf.dir/DSP_Lib/Source/FilteringFunctions/arm_lms_norm_q31.c.obj
LOAD CMakeFiles/RMTest.elf.dir/DSP_Lib/Source/FilteringFunctions/arm_lms_q15.c.obj
LOAD CMakeFiles/RMTest.elf.dir/DSP_Lib/Source/FilteringFunctions/arm_lms_q31.c.obj
LOAD CMakeFiles/RMTest.elf.dir/DSP_Lib/Source/MatrixFunctions/arm_mat_add_f32.c.obj
LOAD CMakeFiles/RMTest.elf.dir/DSP_Lib/Source/MatrixFunctions/arm_mat_add_q15.c.obj
LOAD CMakeFiles/RMTest.elf.dir/DSP_Lib/Source/MatrixFunctions/arm_mat_add_q31.c.obj
LOAD CMakeFiles/RMTest.elf.dir/DSP_Lib/Source/MatrixFunctions/arm_mat_cmplx_mult_f32.c.obj
LOAD CMakeFiles/RMTest.elf.dir/DSP_Lib/Source/MatrixFunctions/arm_mat_cmplx_mult_q15.c.obj
LOAD CMakeFiles/RMTest.elf.dir/DSP_Lib/Source/MatrixFunctions/arm_mat_cmplx_mult_q31.c.obj
LOAD CMakeFiles/RMTest.elf.dir/DSP_Lib/Source/MatrixFunctions/arm_mat_init_f32.c.obj
LOAD CMakeFiles/RMTest.elf.dir/DSP_Lib/Source/MatrixFunctions/arm_mat_init_q15.c.obj
LOAD CMakeFiles/RMTest.elf.dir/DSP_Lib/Source/MatrixFunctions/arm_mat_init_q31.c.obj
LOAD CMakeFiles/RMTest.elf.dir/DSP_Lib/Source/MatrixFunctions/arm_mat_inverse_f32.c.obj
LOAD CMakeFiles/RMTest.elf.dir/DSP_Lib/Source/MatrixFunctions/arm_mat_inverse_f64.c.obj
LOAD CMakeFiles/RMTest.elf.dir/DSP_Lib/Source/MatrixFunctions/arm_mat_mult_f32.c.obj
LOAD CMakeFiles/RMTest.elf.dir/DSP_Lib/Source/MatrixFunctions/arm_mat_mult_fast_q15.c.obj
LOAD CMakeFiles/RMTest.elf.dir/DSP_Lib/Source/MatrixFunctions/arm_mat_mult_fast_q31.c.obj
LOAD CMakeFiles/RMTest.elf.dir/DSP_Lib/Source/MatrixFunctions/arm_mat_mult_q15.c.obj
LOAD CMakeFiles/RMTest.elf.dir/DSP_Lib/Source/MatrixFunctions/arm_mat_mult_q31.c.obj
LOAD CMakeFiles/RMTest.elf.dir/DSP_Lib/Source/MatrixFunctions/arm_mat_scale_f32.c.obj
LOAD CMakeFiles/RMTest.elf.dir/DSP_Lib/Source/MatrixFunctions/arm_mat_scale_q15.c.obj
LOAD CMakeFiles/RMTest.elf.dir/DSP_Lib/Source/MatrixFunctions/arm_mat_scale_q31.c.obj
LOAD CMakeFiles/RMTest.elf.dir/DSP_Lib/Source/MatrixFunctions/arm_mat_sub_f32.c.obj
LOAD CMakeFiles/RMTest.elf.dir/DSP_Lib/Source/MatrixFunctions/arm_mat_sub_q15.c.obj
LOAD CMakeFiles/RMTest.elf.dir/DSP_Lib/Source/MatrixFunctions/arm_mat_sub_q31.c.obj
LOAD CMakeFiles/RMTest.elf.dir/DSP_Lib/Source/MatrixFunctions/arm_mat_trans_f32.c.obj
LOAD CMakeFiles/RMTest.elf.dir/DSP_Lib/Source/MatrixFunctions/arm_mat_trans_q15.c.obj
LOAD CMakeFiles/RMTest.elf.dir/DSP_Lib/Source/MatrixFunctions/arm_mat_trans_q31.c.obj
LOAD CMakeFiles/RMTest.elf.dir/DSP_Lib/Source/StatisticsFunctions/arm_max_f32.c.obj
LOAD CMakeFiles/RMTest.elf.dir/DSP_Lib/Source/StatisticsFunctions/arm_max_q15.c.obj
LOAD CMakeFiles/RMTest.elf.dir/DSP_Lib/Source/StatisticsFunctions/arm_max_q31.c.obj
LOAD CMakeFiles/RMTest.elf.dir/DSP_Lib/Source/StatisticsFunctions/arm_max_q7.c.obj
LOAD CMakeFiles/RMTest.elf.dir/DSP_Lib/Source/StatisticsFunctions/arm_mean_f32.c.obj
LOAD CMakeFiles/RMTest.elf.dir/DSP_Lib/Source/StatisticsFunctions/arm_mean_q15.c.obj
LOAD CMakeFiles/RMTest.elf.dir/DSP_Lib/Source/StatisticsFunctions/arm_mean_q31.c.obj
LOAD CMakeFiles/RMTest.elf.dir/DSP_Lib/Source/StatisticsFunctions/arm_mean_q7.c.obj
LOAD CMakeFiles/RMTest.elf.dir/DSP_Lib/Source/StatisticsFunctions/arm_min_f32.c.obj
LOAD CMakeFiles/RMTest.elf.dir/DSP_Lib/Source/StatisticsFunctions/arm_min_q15.c.obj
LOAD CMakeFiles/RMTest.elf.dir/DSP_Lib/Source/StatisticsFunctions/arm_min_q31.c.obj
LOAD CMakeFiles/RMTest.elf.dir/DSP_Lib/Source/StatisticsFunctions/arm_min_q7.c.obj
LOAD CMakeFiles/RMTest.elf.dir/DSP_Lib/Source/StatisticsFunctions/arm_power_f32.c.obj
LOAD CMakeFiles/RMTest.elf.dir/DSP_Lib/Source/StatisticsFunctions/arm_power_q15.c.obj
LOAD CMakeFiles/RMTest.elf.dir/DSP_Lib/Source/StatisticsFunctions/arm_power_q31.c.obj
LOAD CMakeFiles/RMTest.elf.dir/DSP_Lib/Source/StatisticsFunctions/arm_power_q7.c.obj
LOAD CMakeFiles/RMTest.elf.dir/DSP_Lib/Source/StatisticsFunctions/arm_rms_f32.c.obj
LOAD CMakeFiles/RMTest.elf.dir/DSP_Lib/Source/StatisticsFunctions/arm_rms_q15.c.obj
LOAD CMakeFiles/RMTest.elf.dir/DSP_Lib/Source/StatisticsFunctions/arm_rms_q31.c.obj
LOAD CMakeFiles/RMTest.elf.dir/DSP_Lib/Source/StatisticsFunctions/arm_std_f32.c.obj
LOAD CMakeFiles/RMTest.elf.dir/DSP_Lib/Source/StatisticsFunctions/arm_std_q15.c.obj
LOAD CMakeFiles/RMTest.elf.dir/DSP_Lib/Source/StatisticsFunctions/arm_std_q31.c.obj
LOAD CMakeFiles/RMTest.elf.dir/DSP_Lib/Source/StatisticsFunctions/arm_var_f32.c.obj
LOAD CMakeFiles/RMTest.elf.dir/DSP_Lib/Source/StatisticsFunctions/arm_var_q15.c.obj
LOAD CMakeFiles/RMTest.elf.dir/DSP_Lib/Source/StatisticsFunctions/arm_var_q31.c.obj
LOAD CMakeFiles/RMTest.elf.dir/DSP_Lib/Source/SupportFunctions/arm_copy_f32.c.obj
LOAD CMakeFiles/RMTest.elf.dir/DSP_Lib/Source/SupportFunctions/arm_copy_q15.c.obj
LOAD CMakeFiles/RMTest.elf.dir/DSP_Lib/Source/SupportFunctions/arm_copy_q31.c.obj
LOAD CMakeFiles/RMTest.elf.dir/DSP_Lib/Source/SupportFunctions/arm_copy_q7.c.obj
LOAD CMakeFiles/RMTest.elf.dir/DSP_Lib/Source/SupportFunctions/arm_fill_f32.c.obj
LOAD CMakeFiles/RMTest.elf.dir/DSP_Lib/Source/SupportFunctions/arm_fill_q15.c.obj
LOAD CMakeFiles/RMTest.elf.dir/DSP_Lib/Source/SupportFunctions/arm_fill_q31.c.obj
LOAD CMakeFiles/RMTest.elf.dir/DSP_Lib/Source/SupportFunctions/arm_fill_q7.c.obj
LOAD CMakeFiles/RMTest.elf.dir/DSP_Lib/Source/SupportFunctions/arm_float_to_q15.c.obj
LOAD CMakeFiles/RMTest.elf.dir/DSP_Lib/Source/SupportFunctions/arm_float_to_q31.c.obj
LOAD CMakeFiles/RMTest.elf.dir/DSP_Lib/Source/SupportFunctions/arm_float_to_q7.c.obj
LOAD CMakeFiles/RMTest.elf.dir/DSP_Lib/Source/SupportFunctions/arm_q15_to_float.c.obj
LOAD CMakeFiles/RMTest.elf.dir/DSP_Lib/Source/SupportFunctions/arm_q15_to_q31.c.obj
LOAD CMakeFiles/RMTest.elf.dir/DSP_Lib/Source/SupportFunctions/arm_q15_to_q7.c.obj
LOAD CMakeFiles/RMTest.elf.dir/DSP_Lib/Source/SupportFunctions/arm_q31_to_float.c.obj
LOAD CMakeFiles/RMTest.elf.dir/DSP_Lib/Source/SupportFunctions/arm_q31_to_q15.c.obj
LOAD CMakeFiles/RMTest.elf.dir/DSP_Lib/Source/SupportFunctions/arm_q31_to_q7.c.obj
LOAD CMakeFiles/RMTest.elf.dir/DSP_Lib/Source/SupportFunctions/arm_q7_to_float.c.obj
LOAD CMakeFiles/RMTest.elf.dir/DSP_Lib/Source/SupportFunctions/arm_q7_to_q15.c.obj
LOAD CMakeFiles/RMTest.elf.dir/DSP_Lib/Source/SupportFunctions/arm_q7_to_q31.c.obj
LOAD CMakeFiles/RMTest.elf.dir/DSP_Lib/Source/TransformFunctions/arm_bitreversal.c.obj
LOAD CMakeFiles/RMTest.elf.dir/DSP_Lib/Source/TransformFunctions/arm_bitreversal2.S.obj
LOAD CMakeFiles/RMTest.elf.dir/DSP_Lib/Source/TransformFunctions/arm_cfft_f32.c.obj
LOAD CMakeFiles/RMTest.elf.dir/DSP_Lib/Source/TransformFunctions/arm_cfft_q15.c.obj
LOAD CMakeFiles/RMTest.elf.dir/DSP_Lib/Source/TransformFunctions/arm_cfft_q31.c.obj
LOAD CMakeFiles/RMTest.elf.dir/DSP_Lib/Source/TransformFunctions/arm_cfft_radix2_f32.c.obj
LOAD CMakeFiles/RMTest.elf.dir/DSP_Lib/Source/TransformFunctions/arm_cfft_radix2_init_f32.c.obj
LOAD CMakeFiles/RMTest.elf.dir/DSP_Lib/Source/TransformFunctions/arm_cfft_radix2_init_q15.c.obj
LOAD CMakeFiles/RMTest.elf.dir/DSP_Lib/Source/TransformFunctions/arm_cfft_radix2_init_q31.c.obj
LOAD CMakeFiles/RMTest.elf.dir/DSP_Lib/Source/TransformFunctions/arm_cfft_radix2_q15.c.obj
LOAD CMakeFiles/RMTest.elf.dir/DSP_Lib/Source/TransformFunctions/arm_cfft_radix2_q31.c.obj
LOAD CMakeFiles/RMTest.elf.dir/DSP_Lib/Source/TransformFunctions/arm_cfft_radix4_f32.c.obj
LOAD CMakeFiles/RMTest.elf.dir/DSP_Lib/Source/TransformFunctions/arm_cfft_radix4_init_f32.c.obj
LOAD CMakeFiles/RMTest.elf.dir/DSP_Lib/Source/TransformFunctions/arm_cfft_radix4_init_q15.c.obj
LOAD CMakeFiles/RMTest.elf.dir/DSP_Lib/Source/TransformFunctions/arm_cfft_radix4_init_q31.c.obj
LOAD CMakeFiles/RMTest.elf.dir/DSP_Lib/Source/TransformFunctions/arm_cfft_radix4_q15.c.obj
LOAD CMakeFiles/RMTest.elf.dir/DSP_Lib/Source/TransformFunctions/arm_cfft_radix4_q31.c.obj
LOAD CMakeFiles/RMTest.elf.dir/DSP_Lib/Source/TransformFunctions/arm_cfft_radix8_f32.c.obj
LOAD CMakeFiles/RMTest.elf.dir/DSP_Lib/Source/TransformFunctions/arm_dct4_f32.c.obj
LOAD CMakeFiles/RMTest.elf.dir/DSP_Lib/Source/TransformFunctions/arm_dct4_init_f32.c.obj
LOAD CMakeFiles/RMTest.elf.dir/DSP_Lib/Source/TransformFunctions/arm_dct4_init_q15.c.obj
LOAD CMakeFiles/RMTest.elf.dir/DSP_Lib/Source/TransformFunctions/arm_dct4_init_q31.c.obj
LOAD CMakeFiles/RMTest.elf.dir/DSP_Lib/Source/TransformFunctions/arm_dct4_q15.c.obj
LOAD CMakeFiles/RMTest.elf.dir/DSP_Lib/Source/TransformFunctions/arm_dct4_q31.c.obj
LOAD CMakeFiles/RMTest.elf.dir/DSP_Lib/Source/TransformFunctions/arm_rfft_f32.c.obj
LOAD CMakeFiles/RMTest.elf.dir/DSP_Lib/Source/TransformFunctions/arm_rfft_fast_f32.c.obj
LOAD CMakeFiles/RMTest.elf.dir/DSP_Lib/Source/TransformFunctions/arm_rfft_fast_init_f32.c.obj
LOAD CMakeFiles/RMTest.elf.dir/DSP_Lib/Source/TransformFunctions/arm_rfft_init_f32.c.obj
LOAD CMakeFiles/RMTest.elf.dir/DSP_Lib/Source/TransformFunctions/arm_rfft_init_q15.c.obj
LOAD CMakeFiles/RMTest.elf.dir/DSP_Lib/Source/TransformFunctions/arm_rfft_init_q31.c.obj
LOAD CMakeFiles/RMTest.elf.dir/DSP_Lib/Source/TransformFunctions/arm_rfft_q15.c.obj
LOAD CMakeFiles/RMTest.elf.dir/DSP_Lib/Source/TransformFunctions/arm_rfft_q31.c.obj
LOAD CMakeFiles/RMTest.elf.dir/Devices/BMI088Middleware.c.obj
LOAD CMakeFiles/RMTest.elf.dir/Devices/BMI088driver.c.obj
LOAD CMakeFiles/RMTest.elf.dir/Devices/transfer_function.c.obj
LOAD CMakeFiles/RMTest.elf.dir/Driver/Driver_6020.c.obj
LOAD CMakeFiles/RMTest.elf.dir/Driver/Driver_DM4310.c.obj
LOAD CMakeFiles/RMTest.elf.dir/Driver/Driver_M2006.c.obj
LOAD CMakeFiles/RMTest.elf.dir/Drivers/STM32F4xx_HAL_Driver/Src/stm32f4xx_hal.c.obj
LOAD CMakeFiles/RMTest.elf.dir/Drivers/STM32F4xx_HAL_Driver/Src/stm32f4xx_hal_can.c.obj
LOAD CMakeFiles/RMTest.elf.dir/Drivers/STM32F4xx_HAL_Driver/Src/stm32f4xx_hal_cortex.c.obj
LOAD CMakeFiles/RMTest.elf.dir/Drivers/STM32F4xx_HAL_Driver/Src/stm32f4xx_hal_dma.c.obj
LOAD CMakeFiles/RMTest.elf.dir/Drivers/STM32F4xx_HAL_Driver/Src/stm32f4xx_hal_dma_ex.c.obj
LOAD CMakeFiles/RMTest.elf.dir/Drivers/STM32F4xx_HAL_Driver/Src/stm32f4xx_hal_exti.c.obj
LOAD CMakeFiles/RMTest.elf.dir/Drivers/STM32F4xx_HAL_Driver/Src/stm32f4xx_hal_flash.c.obj
LOAD CMakeFiles/RMTest.elf.dir/Drivers/STM32F4xx_HAL_Driver/Src/stm32f4xx_hal_flash_ex.c.obj
LOAD CMakeFiles/RMTest.elf.dir/Drivers/STM32F4xx_HAL_Driver/Src/stm32f4xx_hal_flash_ramfunc.c.obj
LOAD CMakeFiles/RMTest.elf.dir/Drivers/STM32F4xx_HAL_Driver/Src/stm32f4xx_hal_gpio.c.obj
LOAD CMakeFiles/RMTest.elf.dir/Drivers/STM32F4xx_HAL_Driver/Src/stm32f4xx_hal_pwr.c.obj
LOAD CMakeFiles/RMTest.elf.dir/Drivers/STM32F4xx_HAL_Driver/Src/stm32f4xx_hal_pwr_ex.c.obj
LOAD CMakeFiles/RMTest.elf.dir/Drivers/STM32F4xx_HAL_Driver/Src/stm32f4xx_hal_rcc.c.obj
LOAD CMakeFiles/RMTest.elf.dir/Drivers/STM32F4xx_HAL_Driver/Src/stm32f4xx_hal_rcc_ex.c.obj
LOAD CMakeFiles/RMTest.elf.dir/Drivers/STM32F4xx_HAL_Driver/Src/stm32f4xx_hal_spi.c.obj
LOAD CMakeFiles/RMTest.elf.dir/Drivers/STM32F4xx_HAL_Driver/Src/stm32f4xx_hal_tim.c.obj
LOAD CMakeFiles/RMTest.elf.dir/Drivers/STM32F4xx_HAL_Driver/Src/stm32f4xx_hal_tim_ex.c.obj
LOAD CMakeFiles/RMTest.elf.dir/Drivers/STM32F4xx_HAL_Driver/Src/stm32f4xx_hal_uart.c.obj
START GROUP
LOAD c:/progra~2/gnuarm~1/102021~1.10/bin/../lib/gcc/arm-none-eabi/10.3.1/thumb/v7e-m+fp/hard\libgcc.a
LOAD c:/progra~2/gnuarm~1/102021~1.10/bin/../lib/gcc/arm-none-eabi/10.3.1/../../../../arm-none-eabi/lib/thumb/v7e-m+fp/hard\libg.a
LOAD c:/progra~2/gnuarm~1/102021~1.10/bin/../lib/gcc/arm-none-eabi/10.3.1/../../../../arm-none-eabi/lib/thumb/v7e-m+fp/hard\libc.a
END GROUP
LOAD c:/progra~2/gnuarm~1/102021~1.10/bin/../lib/gcc/arm-none-eabi/10.3.1/thumb/v7e-m+fp/hard/crtend.o
LOAD c:/progra~2/gnuarm~1/102021~1.10/bin/../lib/gcc/arm-none-eabi/10.3.1/thumb/v7e-m+fp/hard/crtn.o
                0x20020000                _estack = (ORIGIN (RAM) + LENGTH (RAM))
                0x00000200                _Min_Heap_Size = 0x200
                0x00000400                _Min_Stack_Size = 0x400

.isr_vector     0x08000000      0x188
                0x08000000                . = ALIGN (0x4)
 *(.isr_vector)
 .isr_vector    0x08000000      0x188 CMakeFiles/RMTest.elf.dir/Core/Startup/startup_stm32f407ighx.s.obj
                0x08000000                g_pfnVectors
                0x08000188                . = ALIGN (0x4)

.text           0x08000188     0x9e48
                0x08000188                . = ALIGN (0x4)
 *(.text)
 .text          0x08000188       0x40 c:/progra~2/gnuarm~1/102021~1.10/bin/../lib/gcc/arm-none-eabi/10.3.1/thumb/v7e-m+fp/hard/crtbegin.o
 .text          0x080001c8      0x378 c:/progra~2/gnuarm~1/102021~1.10/bin/../lib/gcc/arm-none-eabi/10.3.1/thumb/v7e-m+fp/hard\libgcc.a(_arm_addsubdf3.o)
                0x080001c8                __aeabi_drsub
                0x080001d0                __aeabi_dsub
                0x080001d0                __subdf3
                0x080001d4                __aeabi_dadd
                0x080001d4                __adddf3
                0x0800044c                __floatunsidf
                0x0800044c                __aeabi_ui2d
                0x0800046c                __floatsidf
                0x0800046c                __aeabi_i2d
                0x08000490                __aeabi_f2d
                0x08000490                __extendsfdf2
                0x080004d4                __floatundidf
                0x080004d4                __aeabi_ul2d
                0x080004e4                __floatdidf
                0x080004e4                __aeabi_l2d
 .text          0x08000540      0x424 c:/progra~2/gnuarm~1/102021~1.10/bin/../lib/gcc/arm-none-eabi/10.3.1/thumb/v7e-m+fp/hard\libgcc.a(_arm_muldivdf3.o)
                0x08000540                __aeabi_dmul
                0x08000540                __muldf3
                0x08000794                __divdf3
                0x08000794                __aeabi_ddiv
 .text          0x08000964      0x110 c:/progra~2/gnuarm~1/102021~1.10/bin/../lib/gcc/arm-none-eabi/10.3.1/thumb/v7e-m+fp/hard\libgcc.a(_arm_cmpdf2.o)
                0x08000964                __gtdf2
                0x08000964                __gedf2
                0x0800096c                __ltdf2
                0x0800096c                __ledf2
                0x08000974                __nedf2
                0x08000974                __eqdf2
                0x08000974                __cmpdf2
                0x080009f0                __aeabi_cdrcmple
                0x08000a00                __aeabi_cdcmpeq
                0x08000a00                __aeabi_cdcmple
                0x08000a10                __aeabi_dcmpeq
                0x08000a24                __aeabi_dcmplt
                0x08000a38                __aeabi_dcmple
                0x08000a4c                __aeabi_dcmpge
                0x08000a60                __aeabi_dcmpgt
 .text          0x08000a74       0xa0 c:/progra~2/gnuarm~1/102021~1.10/bin/../lib/gcc/arm-none-eabi/10.3.1/thumb/v7e-m+fp/hard\libgcc.a(_arm_truncdfsf2.o)
                0x08000a74                __truncdfsf2
                0x08000a74                __aeabi_d2f
 .text          0x08000b14       0x30 c:/progra~2/gnuarm~1/102021~1.10/bin/../lib/gcc/arm-none-eabi/10.3.1/thumb/v7e-m+fp/hard\libgcc.a(_aeabi_uldivmod.o)
                0x08000b14                __aeabi_uldivmod
 .text          0x08000b44      0x2d0 c:/progra~2/gnuarm~1/102021~1.10/bin/../lib/gcc/arm-none-eabi/10.3.1/thumb/v7e-m+fp/hard\libgcc.a(_udivmoddi4.o)
                0x08000b44                __udivmoddi4
 .text          0x08000e14        0x4 c:/progra~2/gnuarm~1/102021~1.10/bin/../lib/gcc/arm-none-eabi/10.3.1/thumb/v7e-m+fp/hard\libgcc.a(_dvmd_tls.o)
                0x08000e14                __aeabi_idiv0
                0x08000e14                __aeabi_ldiv0
 .text          0x08000e18      0x134 c:/progra~2/gnuarm~1/102021~1.10/bin/../lib/gcc/arm-none-eabi/10.3.1/../../../../arm-none-eabi/lib/thumb/v7e-m+fp/hard\libg.a(lib_a-memcpy.o)
                0x08000e18                memcpy
 *(.text*)
 .text.invSqrt  0x08000f4c       0x30 CMakeFiles/RMTest.elf.dir/Algorithm/QuaternionEKF.c.obj
 .text.IMU_QuaternionEKF_F_Linearization_P_Fading
                0x08000f7c      0x1a0 CMakeFiles/RMTest.elf.dir/Algorithm/QuaternionEKF.c.obj
 .text.IMU_QuaternionEKF_Observe
                0x0800111c       0x38 CMakeFiles/RMTest.elf.dir/Algorithm/QuaternionEKF.c.obj
 .text.IMU_QuaternionEKF_xhatUpdate
                0x08001154      0x43c CMakeFiles/RMTest.elf.dir/Algorithm/QuaternionEKF.c.obj
 .text.IMU_QuaternionEKF_SetH
                0x08001590       0xe4 CMakeFiles/RMTest.elf.dir/Algorithm/QuaternionEKF.c.obj
 .text.IMU_QuaternionEKF_Init
                0x08001674       0xe0 CMakeFiles/RMTest.elf.dir/Algorithm/QuaternionEKF.c.obj
                0x08001674                IMU_QuaternionEKF_Init
 .text.IMU_QuaternionEKF_Update
                0x08001754      0x488 CMakeFiles/RMTest.elf.dir/Algorithm/QuaternionEKF.c.obj
                0x08001754                IMU_QuaternionEKF_Update
 .text.IMU_Param_Correction
                0x08001bdc      0x2c8 CMakeFiles/RMTest.elf.dir/Application/ins_task.c.obj
 .text.INS_Init
                0x08001ea4       0xb4 CMakeFiles/RMTest.elf.dir/Application/ins_task.c.obj
                0x08001ea4                INS_Init
 .text.BodyFrameToEarthFrame
                0x08001f58      0x126 CMakeFiles/RMTest.elf.dir/Application/ins_task.c.obj
                0x08001f58                BodyFrameToEarthFrame
 .text.EarthFrameToBodyFrame
                0x0800207e      0x126 CMakeFiles/RMTest.elf.dir/Application/ins_task.c.obj
                0x0800207e                EarthFrameToBodyFrame
 .text.IMU_Temperature_Ctrl
                0x080021a4       0x60 CMakeFiles/RMTest.elf.dir/Application/ins_task.c.obj
                0x080021a4                IMU_Temperature_Ctrl
 .text.INS_Task
                0x08002204      0x1ec CMakeFiles/RMTest.elf.dir/Application/ins_task.c.obj
                0x08002204                INS_Task
 .text.can_filter_init
                0x080023f0       0x5c CMakeFiles/RMTest.elf.dir/Bsp/Bsp_CAN.c.obj
                0x080023f0                can_filter_init
 .text.HAL_CAN_RxFifo0MsgPendingCallback
                0x0800244c      0x13c CMakeFiles/RMTest.elf.dir/Bsp/Bsp_CAN.c.obj
                0x0800244c                HAL_CAN_RxFifo0MsgPendingCallback
 .text.CAN_cmd_m3508
                0x08002588       0xd4 CMakeFiles/RMTest.elf.dir/Bsp/Bsp_CAN.c.obj
                0x08002588                CAN_cmd_m3508
 .text.CAN_cmd_6020
                0x0800265c       0x7c CMakeFiles/RMTest.elf.dir/Bsp/Bsp_CAN.c.obj
                0x0800265c                CAN_cmd_6020
 .text.CAN_cmd_2006
                0x080026d8       0x7c CMakeFiles/RMTest.elf.dir/Bsp/Bsp_CAN.c.obj
                0x080026d8                CAN_cmd_2006
 .text.uart_receive_dma_no_it
                0x08002754       0x42 CMakeFiles/RMTest.elf.dir/Bsp/Bsp_Controller.c.obj
 *fill*         0x08002796        0x2 
 .text.dbus_uart_init
                0x08002798       0x34 CMakeFiles/RMTest.elf.dir/Bsp/Bsp_Controller.c.obj
                0x08002798                dbus_uart_init
 .text.rc_callback_handler
                0x080027cc       0xe4 CMakeFiles/RMTest.elf.dir/Bsp/Bsp_Controller.c.obj
                0x080027cc                rc_callback_handler
 .text.dma_current_data_counter
                0x080028b0        0x6 CMakeFiles/RMTest.elf.dir/Bsp/Bsp_Controller.c.obj
                0x080028b0                dma_current_data_counter
 *fill*         0x080028b6        0x2 
 .text.uart_rx_idle_callback
                0x080028b8       0x64 CMakeFiles/RMTest.elf.dir/Bsp/Bsp_Controller.c.obj
 .text.uart_receive_handler
                0x0800291c       0x1c CMakeFiles/RMTest.elf.dir/Bsp/Bsp_Controller.c.obj
                0x0800291c                uart_receive_handler
 .text.TIM_Set_PWM
                0x08002938       0x32 CMakeFiles/RMTest.elf.dir/Bsp/bsp_PWM.c.obj
                0x08002938                TIM_Set_PWM
 *fill*         0x0800296a        0x2 
 .text.DWT_CNT_Update
                0x0800296c       0x30 CMakeFiles/RMTest.elf.dir/Bsp/bsp_dwt.c.obj
 .text.DWT_Init
                0x0800299c       0x68 CMakeFiles/RMTest.elf.dir/Bsp/bsp_dwt.c.obj
                0x0800299c                DWT_Init
 .text.DWT_GetDeltaT
                0x08002a04       0x48 CMakeFiles/RMTest.elf.dir/Bsp/bsp_dwt.c.obj
                0x08002a04                DWT_GetDeltaT
 .text.DWT_SysTimeUpdate
                0x08002a4c       0xcc CMakeFiles/RMTest.elf.dir/Bsp/bsp_dwt.c.obj
                0x08002a4c                DWT_SysTimeUpdate
 .text.DWT_GetTimeline_s
                0x08002b18       0x4c CMakeFiles/RMTest.elf.dir/Bsp/bsp_dwt.c.obj
                0x08002b18                DWT_GetTimeline_s
 .text.DWT_Delay
                0x08002b64       0x34 CMakeFiles/RMTest.elf.dir/Bsp/bsp_dwt.c.obj
                0x08002b64                DWT_Delay
 .text.H_K_R_Adjustment
                0x08002b98      0x118 CMakeFiles/RMTest.elf.dir/Components/kalman_filter.c.obj
 .text.Kalman_Filter_Init
                0x08002cb0      0x42c CMakeFiles/RMTest.elf.dir/Components/kalman_filter.c.obj
                0x08002cb0                Kalman_Filter_Init
 .text.Kalman_Filter_Measure
                0x080030dc       0x4c CMakeFiles/RMTest.elf.dir/Components/kalman_filter.c.obj
                0x080030dc                Kalman_Filter_Measure
 .text.Kalman_Filter_xhatMinusUpdate
                0x08003128       0x76 CMakeFiles/RMTest.elf.dir/Components/kalman_filter.c.obj
                0x08003128                Kalman_Filter_xhatMinusUpdate
 .text.Kalman_Filter_PminusUpdate
                0x0800319e       0x68 CMakeFiles/RMTest.elf.dir/Components/kalman_filter.c.obj
                0x0800319e                Kalman_Filter_PminusUpdate
 .text.Kalman_Filter_SetK
                0x08003206       0xcc CMakeFiles/RMTest.elf.dir/Components/kalman_filter.c.obj
                0x08003206                Kalman_Filter_SetK
 .text.Kalman_Filter_xhatUpdate
                0x080032d2       0x82 CMakeFiles/RMTest.elf.dir/Components/kalman_filter.c.obj
                0x080032d2                Kalman_Filter_xhatUpdate
 .text.Kalman_Filter_P_Update
                0x08003354       0x64 CMakeFiles/RMTest.elf.dir/Components/kalman_filter.c.obj
                0x08003354                Kalman_Filter_P_Update
 .text.Kalman_Filter_Update
                0x080033b8       0xf8 CMakeFiles/RMTest.elf.dir/Components/kalman_filter.c.obj
                0x080033b8                Kalman_Filter_Update
 .text.float_constrain
                0x080034b0       0x20 CMakeFiles/RMTest.elf.dir/Components/user_lib.c.obj
                0x080034b0                float_constrain
 .text.float_rounding
                0x080034d0       0x40 CMakeFiles/RMTest.elf.dir/Components/user_lib.c.obj
                0x080034d0                float_rounding
 .text.OLS_Init
                0x08003510       0x42 CMakeFiles/RMTest.elf.dir/Components/user_lib.c.obj
                0x08003510                OLS_Init
 *fill*         0x08003552        0x2 
 .text.OLS_Derivative
                0x08003554      0x180 CMakeFiles/RMTest.elf.dir/Components/user_lib.c.obj
                0x08003554                OLS_Derivative
 .text.f_Trapezoid_Intergral
                0x080036d4       0x62 CMakeFiles/RMTest.elf.dir/Controller/controller.c.obj
 .text.f_Changing_Integration_Rate
                0x08003736       0x66 CMakeFiles/RMTest.elf.dir/Controller/controller.c.obj
 .text.f_Integral_Limit
                0x0800379c       0x94 CMakeFiles/RMTest.elf.dir/Controller/controller.c.obj
 .text.f_Derivative_Filter
                0x08003830       0x2e CMakeFiles/RMTest.elf.dir/Controller/controller.c.obj
 .text.f_Output_Filter
                0x0800385e       0x2e CMakeFiles/RMTest.elf.dir/Controller/controller.c.obj
 .text.f_Output_Limit
                0x0800388c       0x2e CMakeFiles/RMTest.elf.dir/Controller/controller.c.obj
 .text.f_Proportion_Limit
                0x080038ba       0x2e CMakeFiles/RMTest.elf.dir/Controller/controller.c.obj
 .text.f_PID_ErrorHandle
                0x080038e8       0x98 CMakeFiles/RMTest.elf.dir/Controller/controller.c.obj
 .text.f_Derivative_On_Measurement
                0x08003980       0xb6 CMakeFiles/RMTest.elf.dir/Controller/controller.c.obj
 .text.PID_Init
                0x08003a36       0x58 CMakeFiles/RMTest.elf.dir/Controller/controller.c.obj
                0x08003a36                PID_Init
 .text.PID_Calculate
                0x08003a8e      0x20c CMakeFiles/RMTest.elf.dir/Controller/controller.c.obj
                0x08003a8e                PID_Calculate
 *fill*         0x08003c9a        0x2 
 .text.MX_CAN1_Init
                0x08003c9c       0x40 CMakeFiles/RMTest.elf.dir/Core/Src/can.c.obj
                0x08003c9c                MX_CAN1_Init
 .text.MX_CAN2_Init
                0x08003cdc       0x40 CMakeFiles/RMTest.elf.dir/Core/Src/can.c.obj
                0x08003cdc                MX_CAN2_Init
 .text.HAL_CAN_MspInit
                0x08003d1c      0x120 CMakeFiles/RMTest.elf.dir/Core/Src/can.c.obj
                0x08003d1c                HAL_CAN_MspInit
 .text.MX_DMA_Init
                0x08003e3c       0x68 CMakeFiles/RMTest.elf.dir/Core/Src/dma.c.obj
                0x08003e3c                MX_DMA_Init
 .text.MX_GPIO_Init
                0x08003ea4      0x280 CMakeFiles/RMTest.elf.dir/Core/Src/gpio.c.obj
                0x08003ea4                MX_GPIO_Init
 .text.Error_Handler
                0x08004124        0x4 CMakeFiles/RMTest.elf.dir/Core/Src/main.c.obj
                0x08004124                Error_Handler
 .text.SystemClock_Config
                0x08004128       0xa8 CMakeFiles/RMTest.elf.dir/Core/Src/main.c.obj
                0x08004128                SystemClock_Config
 .text.main     0x080041d0       0x70 CMakeFiles/RMTest.elf.dir/Core/Src/main.c.obj
                0x080041d0                main
 .text.MX_SPI1_Init
                0x08004240       0x48 CMakeFiles/RMTest.elf.dir/Core/Src/spi.c.obj
                0x08004240                MX_SPI1_Init
 .text.HAL_SPI_MspInit
                0x08004288      0x130 CMakeFiles/RMTest.elf.dir/Core/Src/spi.c.obj
                0x08004288                HAL_SPI_MspInit
 .text.HAL_MspInit
                0x080043b8       0x38 CMakeFiles/RMTest.elf.dir/Core/Src/stm32f4xx_hal_msp.c.obj
                0x080043b8                HAL_MspInit
 .text.HAL_InitTick
                0x080043f0       0xa4 CMakeFiles/RMTest.elf.dir/Core/Src/stm32f4xx_hal_timebase_tim.c.obj
                0x080043f0                HAL_InitTick
 .text.NMI_Handler
                0x08004494        0x2 CMakeFiles/RMTest.elf.dir/Core/Src/stm32f4xx_it.c.obj
                0x08004494                NMI_Handler
 .text.HardFault_Handler
                0x08004496        0x2 CMakeFiles/RMTest.elf.dir/Core/Src/stm32f4xx_it.c.obj
                0x08004496                HardFault_Handler
 .text.MemManage_Handler
                0x08004498        0x2 CMakeFiles/RMTest.elf.dir/Core/Src/stm32f4xx_it.c.obj
                0x08004498                MemManage_Handler
 .text.BusFault_Handler
                0x0800449a        0x2 CMakeFiles/RMTest.elf.dir/Core/Src/stm32f4xx_it.c.obj
                0x0800449a                BusFault_Handler
 .text.UsageFault_Handler
                0x0800449c        0x2 CMakeFiles/RMTest.elf.dir/Core/Src/stm32f4xx_it.c.obj
                0x0800449c                UsageFault_Handler
 .text.SVC_Handler
                0x0800449e        0x2 CMakeFiles/RMTest.elf.dir/Core/Src/stm32f4xx_it.c.obj
                0x0800449e                SVC_Handler
 .text.DebugMon_Handler
                0x080044a0        0x2 CMakeFiles/RMTest.elf.dir/Core/Src/stm32f4xx_it.c.obj
                0x080044a0                DebugMon_Handler
 .text.PendSV_Handler
                0x080044a2        0x2 CMakeFiles/RMTest.elf.dir/Core/Src/stm32f4xx_it.c.obj
                0x080044a2                PendSV_Handler
 .text.SysTick_Handler
                0x080044a4        0x2 CMakeFiles/RMTest.elf.dir/Core/Src/stm32f4xx_it.c.obj
                0x080044a4                SysTick_Handler
 .text.EXTI3_IRQHandler
                0x080044a6        0xa CMakeFiles/RMTest.elf.dir/Core/Src/stm32f4xx_it.c.obj
                0x080044a6                EXTI3_IRQHandler
 .text.EXTI4_IRQHandler
                0x080044b0        0xa CMakeFiles/RMTest.elf.dir/Core/Src/stm32f4xx_it.c.obj
                0x080044b0                EXTI4_IRQHandler
 *fill*         0x080044ba        0x2 
 .text.DMA1_Stream1_IRQHandler
                0x080044bc       0x10 CMakeFiles/RMTest.elf.dir/Core/Src/stm32f4xx_it.c.obj
                0x080044bc                DMA1_Stream1_IRQHandler
 .text.CAN1_RX0_IRQHandler
                0x080044cc       0x10 CMakeFiles/RMTest.elf.dir/Core/Src/stm32f4xx_it.c.obj
                0x080044cc                CAN1_RX0_IRQHandler
 .text.EXTI9_5_IRQHandler
                0x080044dc       0x16 CMakeFiles/RMTest.elf.dir/Core/Src/stm32f4xx_it.c.obj
                0x080044dc                EXTI9_5_IRQHandler
 *fill*         0x080044f2        0x2 
 .text.TIM1_UP_TIM10_IRQHandler
                0x080044f4       0x18 CMakeFiles/RMTest.elf.dir/Core/Src/stm32f4xx_it.c.obj
                0x080044f4                TIM1_UP_TIM10_IRQHandler
 .text.TIM2_IRQHandler
                0x0800450c       0x10 CMakeFiles/RMTest.elf.dir/Core/Src/stm32f4xx_it.c.obj
                0x0800450c                TIM2_IRQHandler
 .text.USART3_IRQHandler
                0x0800451c       0x18 CMakeFiles/RMTest.elf.dir/Core/Src/stm32f4xx_it.c.obj
                0x0800451c                USART3_IRQHandler
 .text.CAN2_RX0_IRQHandler
                0x08004534       0x10 CMakeFiles/RMTest.elf.dir/Core/Src/stm32f4xx_it.c.obj
                0x08004534                CAN2_RX0_IRQHandler
 *fill*         0x08004544        0x4 
 .text.HAL_TIM_PeriodElapsedCallback
                0x08004548      0x4ec CMakeFiles/RMTest.elf.dir/Core/Src/stm32f4xx_it.c.obj
                0x08004548                HAL_TIM_PeriodElapsedCallback
 .text._sbrk    0x08004a34       0x48 CMakeFiles/RMTest.elf.dir/Core/Src/sysmem.c.obj
                0x08004a34                _sbrk
 .text.SystemInit
                0x08004a7c       0x14 CMakeFiles/RMTest.elf.dir/Core/Src/system_stm32f4xx.c.obj
                0x08004a7c                SystemInit
 .text.MX_TIM1_Init
                0x08004a90       0x70 CMakeFiles/RMTest.elf.dir/Core/Src/tim.c.obj
                0x08004a90                MX_TIM1_Init
 .text.HAL_TIM_Base_MspInit
                0x08004b00       0x74 CMakeFiles/RMTest.elf.dir/Core/Src/tim.c.obj
                0x08004b00                HAL_TIM_Base_MspInit
 .text.HAL_TIM_MspPostInit
                0x08004b74       0x60 CMakeFiles/RMTest.elf.dir/Core/Src/tim.c.obj
                0x08004b74                HAL_TIM_MspPostInit
 .text.MX_TIM10_Init
                0x08004bd4       0x74 CMakeFiles/RMTest.elf.dir/Core/Src/tim.c.obj
                0x08004bd4                MX_TIM10_Init
 .text.MX_USART3_UART_Init
                0x08004c48       0x3c CMakeFiles/RMTest.elf.dir/Core/Src/usart.c.obj
                0x08004c48                MX_USART3_UART_Init
 .text.HAL_UART_MspInit
                0x08004c84       0xc4 CMakeFiles/RMTest.elf.dir/Core/Src/usart.c.obj
                0x08004c84                HAL_UART_MspInit
 .text.Reset_Handler
                0x08004d48       0x50 CMakeFiles/RMTest.elf.dir/Core/Startup/startup_stm32f407ighx.s.obj
                0x08004d48                Reset_Handler
 .text.Default_Handler
                0x08004d98        0x2 CMakeFiles/RMTest.elf.dir/Core/Startup/startup_stm32f407ighx.s.obj
                0x08004d98                RTC_Alarm_IRQHandler
                0x08004d98                HASH_RNG_IRQHandler
                0x08004d98                EXTI2_IRQHandler
                0x08004d98                TIM8_CC_IRQHandler
                0x08004d98                TIM1_CC_IRQHandler
                0x08004d98                DMA2_Stream5_IRQHandler
                0x08004d98                DMA1_Stream5_IRQHandler
                0x08004d98                PVD_IRQHandler
                0x08004d98                SDIO_IRQHandler
                0x08004d98                TAMP_STAMP_IRQHandler
                0x08004d98                CAN2_RX1_IRQHandler
                0x08004d98                TIM8_TRG_COM_TIM14_IRQHandler
                0x08004d98                TIM8_UP_TIM13_IRQHandler
                0x08004d98                I2C3_ER_IRQHandler
                0x08004d98                EXTI0_IRQHandler
                0x08004d98                I2C2_EV_IRQHandler
                0x08004d98                DMA1_Stream2_IRQHandler
                0x08004d98                FPU_IRQHandler
                0x08004d98                OTG_HS_WKUP_IRQHandler
                0x08004d98                CAN2_SCE_IRQHandler
                0x08004d98                DMA2_Stream2_IRQHandler
                0x08004d98                SPI1_IRQHandler
                0x08004d98                TIM6_DAC_IRQHandler
                0x08004d98                TIM1_BRK_TIM9_IRQHandler
                0x08004d98                DCMI_IRQHandler
                0x08004d98                DMA2_Stream3_IRQHandler
                0x08004d98                USART6_IRQHandler
                0x08004d98                CAN1_RX1_IRQHandler
                0x08004d98                UART5_IRQHandler
                0x08004d98                DMA2_Stream0_IRQHandler
                0x08004d98                TIM4_IRQHandler
                0x08004d98                I2C1_EV_IRQHandler
                0x08004d98                DMA1_Stream6_IRQHandler
                0x08004d98                UART4_IRQHandler
                0x08004d98                TIM3_IRQHandler
                0x08004d98                RCC_IRQHandler
                0x08004d98                TIM8_BRK_TIM12_IRQHandler
                0x08004d98                Default_Handler
                0x08004d98                EXTI15_10_IRQHandler
                0x08004d98                ADC_IRQHandler
                0x08004d98                DMA1_Stream7_IRQHandler
                0x08004d98                TIM7_IRQHandler
                0x08004d98                CAN2_TX_IRQHandler
                0x08004d98                TIM5_IRQHandler
                0x08004d98                DMA2_Stream7_IRQHandler
                0x08004d98                I2C3_EV_IRQHandler
                0x08004d98                RTC_WKUP_IRQHandler
                0x08004d98                ETH_WKUP_IRQHandler
                0x08004d98                SPI2_IRQHandler
                0x08004d98                OTG_HS_EP1_IN_IRQHandler
                0x08004d98                DMA1_Stream0_IRQHandler
                0x08004d98                CAN1_TX_IRQHandler
                0x08004d98                FSMC_IRQHandler
                0x08004d98                ETH_IRQHandler
                0x08004d98                OTG_HS_EP1_OUT_IRQHandler
                0x08004d98                WWDG_IRQHandler
                0x08004d98                OTG_FS_WKUP_IRQHandler
                0x08004d98                TIM1_TRG_COM_TIM11_IRQHandler
                0x08004d98                OTG_HS_IRQHandler
                0x08004d98                EXTI1_IRQHandler
                0x08004d98                USART2_IRQHandler
                0x08004d98                I2C2_ER_IRQHandler
                0x08004d98                DMA2_Stream1_IRQHandler
                0x08004d98                CAN1_SCE_IRQHandler
                0x08004d98                FLASH_IRQHandler
                0x08004d98                DMA2_Stream4_IRQHandler
                0x08004d98                USART1_IRQHandler
                0x08004d98                OTG_FS_IRQHandler
                0x08004d98                SPI3_IRQHandler
                0x08004d98                DMA1_Stream4_IRQHandler
                0x08004d98                I2C1_ER_IRQHandler
                0x08004d98                DMA2_Stream6_IRQHandler
                0x08004d98                DMA1_Stream3_IRQHandler
 *fill*         0x08004d9a        0x2 
 .text.arm_cos_f32
                0x08004d9c       0x88 CMakeFiles/RMTest.elf.dir/DSP_Lib/Source/FastMathFunctions/arm_cos_f32.c.obj
                0x08004d9c                arm_cos_f32
 .text.arm_sin_f32
                0x08004e24       0xa0 CMakeFiles/RMTest.elf.dir/DSP_Lib/Source/FastMathFunctions/arm_sin_f32.c.obj
                0x08004e24                arm_sin_f32
 .text.arm_mat_add_f32
                0x08004ec4       0x9c CMakeFiles/RMTest.elf.dir/DSP_Lib/Source/MatrixFunctions/arm_mat_add_f32.c.obj
                0x08004ec4                arm_mat_add_f32
 .text.arm_mat_init_f32
                0x08004f60        0x8 CMakeFiles/RMTest.elf.dir/DSP_Lib/Source/MatrixFunctions/arm_mat_init_f32.c.obj
                0x08004f60                arm_mat_init_f32
 .text.arm_mat_inverse_f32
                0x08004f68      0x21c CMakeFiles/RMTest.elf.dir/DSP_Lib/Source/MatrixFunctions/arm_mat_inverse_f32.c.obj
                0x08004f68                arm_mat_inverse_f32
 .text.arm_mat_mult_f32
                0x08005184      0x10c CMakeFiles/RMTest.elf.dir/DSP_Lib/Source/MatrixFunctions/arm_mat_mult_f32.c.obj
                0x08005184                arm_mat_mult_f32
 .text.arm_mat_sub_f32
                0x08005290       0x9c CMakeFiles/RMTest.elf.dir/DSP_Lib/Source/MatrixFunctions/arm_mat_sub_f32.c.obj
                0x08005290                arm_mat_sub_f32
 .text.arm_mat_trans_f32
                0x0800532c       0x98 CMakeFiles/RMTest.elf.dir/DSP_Lib/Source/MatrixFunctions/arm_mat_trans_f32.c.obj
                0x0800532c                arm_mat_trans_f32
 .text.BMI088_ACCEL_NS_L
                0x080053c4       0x14 CMakeFiles/RMTest.elf.dir/Devices/BMI088Middleware.c.obj
                0x080053c4                BMI088_ACCEL_NS_L
 .text.BMI088_ACCEL_NS_H
                0x080053d8       0x14 CMakeFiles/RMTest.elf.dir/Devices/BMI088Middleware.c.obj
                0x080053d8                BMI088_ACCEL_NS_H
 .text.BMI088_GYRO_NS_L
                0x080053ec       0x14 CMakeFiles/RMTest.elf.dir/Devices/BMI088Middleware.c.obj
                0x080053ec                BMI088_GYRO_NS_L
 .text.BMI088_GYRO_NS_H
                0x08005400       0x14 CMakeFiles/RMTest.elf.dir/Devices/BMI088Middleware.c.obj
                0x08005400                BMI088_GYRO_NS_H
 .text.BMI088_read_write_byte
                0x08005414       0x30 CMakeFiles/RMTest.elf.dir/Devices/BMI088Middleware.c.obj
                0x08005414                BMI088_read_write_byte
 .text.BMI088_read_muli_reg
                0x08005444       0x24 CMakeFiles/RMTest.elf.dir/Devices/BMI088driver.c.obj
 .text.BMI088_write_single_reg
                0x08005468       0x10 CMakeFiles/RMTest.elf.dir/Devices/BMI088driver.c.obj
 .text.BMI088_read_single_reg
                0x08005478       0x16 CMakeFiles/RMTest.elf.dir/Devices/BMI088driver.c.obj
 *fill*         0x0800548e        0x2 
 .text.Calibrate_MPU_Offset
                0x08005490      0x498 CMakeFiles/RMTest.elf.dir/Devices/BMI088driver.c.obj
 .text.bmi088_accel_init
                0x08005928      0x144 CMakeFiles/RMTest.elf.dir/Devices/BMI088driver.c.obj
                0x08005928                bmi088_accel_init
 .text.bmi088_gyro_init
                0x08005a6c      0x118 CMakeFiles/RMTest.elf.dir/Devices/BMI088driver.c.obj
                0x08005a6c                bmi088_gyro_init
 .text.BMI088_init
                0x08005b84       0x6c CMakeFiles/RMTest.elf.dir/Devices/BMI088driver.c.obj
                0x08005b84                BMI088_init
 .text.BMI088_Read
                0x08005bf0      0x1f0 CMakeFiles/RMTest.elf.dir/Devices/BMI088driver.c.obj
                0x08005bf0                BMI088_Read
 .text.Speed_PID_6020
                0x08005de0       0xec CMakeFiles/RMTest.elf.dir/Driver/Driver_6020.c.obj
                0x08005de0                Speed_PID_6020
 .text.PositionPID_6020
                0x08005ecc       0xf8 CMakeFiles/RMTest.elf.dir/Driver/Driver_6020.c.obj
                0x08005ecc                PositionPID_6020
 .text.uint_to_float
                0x08005fc4       0x28 CMakeFiles/RMTest.elf.dir/Driver/Driver_DM4310.c.obj
                0x08005fc4                uint_to_float
 .text.float_to_uint
                0x08005fec       0x28 CMakeFiles/RMTest.elf.dir/Driver/Driver_DM4310.c.obj
                0x08005fec                float_to_uint
 .text.ctrl_motor
                0x08006014       0xec CMakeFiles/RMTest.elf.dir/Driver/Driver_DM4310.c.obj
                0x08006014                ctrl_motor
 .text.ctrl_motor_Init
                0x08006100       0x44 CMakeFiles/RMTest.elf.dir/Driver/Driver_DM4310.c.obj
                0x08006100                ctrl_motor_Init
 .text.ctrl_motor_Exit
                0x08006144       0x44 CMakeFiles/RMTest.elf.dir/Driver/Driver_DM4310.c.obj
                0x08006144                ctrl_motor_Exit
 .text.M2006_Position_PID
                0x08006188      0x128 CMakeFiles/RMTest.elf.dir/Driver/Driver_M2006.c.obj
                0x08006188                M2006_Position_PID
 .text.M2006_Speed_PID
                0x080062b0       0xec CMakeFiles/RMTest.elf.dir/Driver/Driver_M2006.c.obj
                0x080062b0                M2006_Speed_PID
 .text.HAL_Init
                0x0800639c       0x34 CMakeFiles/RMTest.elf.dir/Drivers/STM32F4xx_HAL_Driver/Src/stm32f4xx_hal.c.obj
                0x0800639c                HAL_Init
 .text.HAL_IncTick
                0x080063d0       0x18 CMakeFiles/RMTest.elf.dir/Drivers/STM32F4xx_HAL_Driver/Src/stm32f4xx_hal.c.obj
                0x080063d0                HAL_IncTick
 .text.HAL_GetTick
                0x080063e8        0xc CMakeFiles/RMTest.elf.dir/Drivers/STM32F4xx_HAL_Driver/Src/stm32f4xx_hal.c.obj
                0x080063e8                HAL_GetTick
 .text.HAL_Delay
                0x080063f4       0x28 CMakeFiles/RMTest.elf.dir/Drivers/STM32F4xx_HAL_Driver/Src/stm32f4xx_hal.c.obj
                0x080063f4                HAL_Delay
 .text.HAL_CAN_Init
                0x0800641c      0x14c CMakeFiles/RMTest.elf.dir/Drivers/STM32F4xx_HAL_Driver/Src/stm32f4xx_hal_can.c.obj
                0x0800641c                HAL_CAN_Init
 .text.HAL_CAN_ConfigFilter
                0x08006568      0x138 CMakeFiles/RMTest.elf.dir/Drivers/STM32F4xx_HAL_Driver/Src/stm32f4xx_hal_can.c.obj
                0x08006568                HAL_CAN_ConfigFilter
 .text.HAL_CAN_Start
                0x080066a0       0x5c CMakeFiles/RMTest.elf.dir/Drivers/STM32F4xx_HAL_Driver/Src/stm32f4xx_hal_can.c.obj
                0x080066a0                HAL_CAN_Start
 .text.HAL_CAN_AddTxMessage
                0x080066fc       0xea CMakeFiles/RMTest.elf.dir/Drivers/STM32F4xx_HAL_Driver/Src/stm32f4xx_hal_can.c.obj
                0x080066fc                HAL_CAN_AddTxMessage
 .text.HAL_CAN_GetRxMessage
                0x080067e6      0x16a CMakeFiles/RMTest.elf.dir/Drivers/STM32F4xx_HAL_Driver/Src/stm32f4xx_hal_can.c.obj
                0x080067e6                HAL_CAN_GetRxMessage
 .text.HAL_CAN_ActivateNotification
                0x08006950       0x24 CMakeFiles/RMTest.elf.dir/Drivers/STM32F4xx_HAL_Driver/Src/stm32f4xx_hal_can.c.obj
                0x08006950                HAL_CAN_ActivateNotification
 .text.HAL_CAN_TxMailbox0CompleteCallback
                0x08006974        0x2 CMakeFiles/RMTest.elf.dir/Drivers/STM32F4xx_HAL_Driver/Src/stm32f4xx_hal_can.c.obj
                0x08006974                HAL_CAN_TxMailbox0CompleteCallback
 .text.HAL_CAN_TxMailbox1CompleteCallback
                0x08006976        0x2 CMakeFiles/RMTest.elf.dir/Drivers/STM32F4xx_HAL_Driver/Src/stm32f4xx_hal_can.c.obj
                0x08006976                HAL_CAN_TxMailbox1CompleteCallback
 .text.HAL_CAN_TxMailbox2CompleteCallback
                0x08006978        0x2 CMakeFiles/RMTest.elf.dir/Drivers/STM32F4xx_HAL_Driver/Src/stm32f4xx_hal_can.c.obj
                0x08006978                HAL_CAN_TxMailbox2CompleteCallback
 .text.HAL_CAN_TxMailbox0AbortCallback
                0x0800697a        0x2 CMakeFiles/RMTest.elf.dir/Drivers/STM32F4xx_HAL_Driver/Src/stm32f4xx_hal_can.c.obj
                0x0800697a                HAL_CAN_TxMailbox0AbortCallback
 .text.HAL_CAN_TxMailbox1AbortCallback
                0x0800697c        0x2 CMakeFiles/RMTest.elf.dir/Drivers/STM32F4xx_HAL_Driver/Src/stm32f4xx_hal_can.c.obj
                0x0800697c                HAL_CAN_TxMailbox1AbortCallback
 .text.HAL_CAN_TxMailbox2AbortCallback
                0x0800697e        0x2 CMakeFiles/RMTest.elf.dir/Drivers/STM32F4xx_HAL_Driver/Src/stm32f4xx_hal_can.c.obj
                0x0800697e                HAL_CAN_TxMailbox2AbortCallback
 .text.HAL_CAN_RxFifo0FullCallback
                0x08006980        0x2 CMakeFiles/RMTest.elf.dir/Drivers/STM32F4xx_HAL_Driver/Src/stm32f4xx_hal_can.c.obj
                0x08006980                HAL_CAN_RxFifo0FullCallback
 .text.HAL_CAN_RxFifo1MsgPendingCallback
                0x08006982        0x2 CMakeFiles/RMTest.elf.dir/Drivers/STM32F4xx_HAL_Driver/Src/stm32f4xx_hal_can.c.obj
                0x08006982                HAL_CAN_RxFifo1MsgPendingCallback
 .text.HAL_CAN_RxFifo1FullCallback
                0x08006984        0x2 CMakeFiles/RMTest.elf.dir/Drivers/STM32F4xx_HAL_Driver/Src/stm32f4xx_hal_can.c.obj
                0x08006984                HAL_CAN_RxFifo1FullCallback
 .text.HAL_CAN_SleepCallback
                0x08006986        0x2 CMakeFiles/RMTest.elf.dir/Drivers/STM32F4xx_HAL_Driver/Src/stm32f4xx_hal_can.c.obj
                0x08006986                HAL_CAN_SleepCallback
 .text.HAL_CAN_WakeUpFromRxMsgCallback
                0x08006988        0x2 CMakeFiles/RMTest.elf.dir/Drivers/STM32F4xx_HAL_Driver/Src/stm32f4xx_hal_can.c.obj
                0x08006988                HAL_CAN_WakeUpFromRxMsgCallback
 .text.HAL_CAN_ErrorCallback
                0x0800698a        0x2 CMakeFiles/RMTest.elf.dir/Drivers/STM32F4xx_HAL_Driver/Src/stm32f4xx_hal_can.c.obj
                0x0800698a                HAL_CAN_ErrorCallback
 .text.HAL_CAN_IRQHandler
                0x0800698c      0x24a CMakeFiles/RMTest.elf.dir/Drivers/STM32F4xx_HAL_Driver/Src/stm32f4xx_hal_can.c.obj
                0x0800698c                HAL_CAN_IRQHandler
 *fill*         0x08006bd6        0x2 
 .text.HAL_NVIC_SetPriorityGrouping
                0x08006bd8       0x24 CMakeFiles/RMTest.elf.dir/Drivers/STM32F4xx_HAL_Driver/Src/stm32f4xx_hal_cortex.c.obj
                0x08006bd8                HAL_NVIC_SetPriorityGrouping
 .text.HAL_NVIC_SetPriority
                0x08006bfc       0x70 CMakeFiles/RMTest.elf.dir/Drivers/STM32F4xx_HAL_Driver/Src/stm32f4xx_hal_cortex.c.obj
                0x08006bfc                HAL_NVIC_SetPriority
 .text.HAL_NVIC_EnableIRQ
                0x08006c6c       0x1c CMakeFiles/RMTest.elf.dir/Drivers/STM32F4xx_HAL_Driver/Src/stm32f4xx_hal_cortex.c.obj
                0x08006c6c                HAL_NVIC_EnableIRQ
 .text.DMA_SetConfig
                0x08006c88       0x2c CMakeFiles/RMTest.elf.dir/Drivers/STM32F4xx_HAL_Driver/Src/stm32f4xx_hal_dma.c.obj
 .text.DMA_CalcBaseAndBitshift
                0x08006cb4       0x44 CMakeFiles/RMTest.elf.dir/Drivers/STM32F4xx_HAL_Driver/Src/stm32f4xx_hal_dma.c.obj
 .text.DMA_CheckFifoParam
                0x08006cf8       0x8e CMakeFiles/RMTest.elf.dir/Drivers/STM32F4xx_HAL_Driver/Src/stm32f4xx_hal_dma.c.obj
 *fill*         0x08006d86        0x2 
 .text.HAL_DMA_Init
                0x08006d88       0xcc CMakeFiles/RMTest.elf.dir/Drivers/STM32F4xx_HAL_Driver/Src/stm32f4xx_hal_dma.c.obj
                0x08006d88                HAL_DMA_Init
 .text.HAL_DMA_Start
                0x08006e54       0x48 CMakeFiles/RMTest.elf.dir/Drivers/STM32F4xx_HAL_Driver/Src/stm32f4xx_hal_dma.c.obj
                0x08006e54                HAL_DMA_Start
 .text.HAL_DMA_Abort
                0x08006e9c       0x94 CMakeFiles/RMTest.elf.dir/Drivers/STM32F4xx_HAL_Driver/Src/stm32f4xx_hal_dma.c.obj
                0x08006e9c                HAL_DMA_Abort
 .text.HAL_DMA_Abort_IT
                0x08006f30       0x26 CMakeFiles/RMTest.elf.dir/Drivers/STM32F4xx_HAL_Driver/Src/stm32f4xx_hal_dma.c.obj
                0x08006f30                HAL_DMA_Abort_IT
 *fill*         0x08006f56        0x2 
 .text.HAL_DMA_IRQHandler
                0x08006f58      0x1dc CMakeFiles/RMTest.elf.dir/Drivers/STM32F4xx_HAL_Driver/Src/stm32f4xx_hal_dma.c.obj
                0x08006f58                HAL_DMA_IRQHandler
 .text.HAL_GPIO_Init
                0x08007134      0x1e4 CMakeFiles/RMTest.elf.dir/Drivers/STM32F4xx_HAL_Driver/Src/stm32f4xx_hal_gpio.c.obj
                0x08007134                HAL_GPIO_Init
 .text.HAL_GPIO_WritePin
                0x08007318        0xc CMakeFiles/RMTest.elf.dir/Drivers/STM32F4xx_HAL_Driver/Src/stm32f4xx_hal_gpio.c.obj
                0x08007318                HAL_GPIO_WritePin
 .text.HAL_GPIO_EXTI_Callback
                0x08007324        0x2 CMakeFiles/RMTest.elf.dir/Drivers/STM32F4xx_HAL_Driver/Src/stm32f4xx_hal_gpio.c.obj
                0x08007324                HAL_GPIO_EXTI_Callback
 *fill*         0x08007326        0x2 
 .text.HAL_GPIO_EXTI_IRQHandler
                0x08007328       0x1c CMakeFiles/RMTest.elf.dir/Drivers/STM32F4xx_HAL_Driver/Src/stm32f4xx_hal_gpio.c.obj
                0x08007328                HAL_GPIO_EXTI_IRQHandler
 .text.HAL_RCC_OscConfig
                0x08007344      0x3f8 CMakeFiles/RMTest.elf.dir/Drivers/STM32F4xx_HAL_Driver/Src/stm32f4xx_hal_rcc.c.obj
                0x08007344                HAL_RCC_OscConfig
 .text.HAL_RCC_GetSysClockFreq
                0x0800773c       0xa4 CMakeFiles/RMTest.elf.dir/Drivers/STM32F4xx_HAL_Driver/Src/stm32f4xx_hal_rcc.c.obj
                0x0800773c                HAL_RCC_GetSysClockFreq
 .text.HAL_RCC_ClockConfig
                0x080077e0      0x160 CMakeFiles/RMTest.elf.dir/Drivers/STM32F4xx_HAL_Driver/Src/stm32f4xx_hal_rcc.c.obj
                0x080077e0                HAL_RCC_ClockConfig
 .text.HAL_RCC_GetHCLKFreq
                0x08007940        0xc CMakeFiles/RMTest.elf.dir/Drivers/STM32F4xx_HAL_Driver/Src/stm32f4xx_hal_rcc.c.obj
                0x08007940                HAL_RCC_GetHCLKFreq
 .text.HAL_RCC_GetPCLK1Freq
                0x0800794c       0x20 CMakeFiles/RMTest.elf.dir/Drivers/STM32F4xx_HAL_Driver/Src/stm32f4xx_hal_rcc.c.obj
                0x0800794c                HAL_RCC_GetPCLK1Freq
 .text.HAL_RCC_GetPCLK2Freq
                0x0800796c       0x20 CMakeFiles/RMTest.elf.dir/Drivers/STM32F4xx_HAL_Driver/Src/stm32f4xx_hal_rcc.c.obj
                0x0800796c                HAL_RCC_GetPCLK2Freq
 .text.HAL_RCC_GetClockConfig
                0x0800798c       0x3c CMakeFiles/RMTest.elf.dir/Drivers/STM32F4xx_HAL_Driver/Src/stm32f4xx_hal_rcc.c.obj
                0x0800798c                HAL_RCC_GetClockConfig
 .text.SPI_WaitFlagStateUntilTimeout
                0x080079c8       0xd4 CMakeFiles/RMTest.elf.dir/Drivers/STM32F4xx_HAL_Driver/Src/stm32f4xx_hal_spi.c.obj
 .text.SPI_EndRxTxTransaction
                0x08007a9c       0x80 CMakeFiles/RMTest.elf.dir/Drivers/STM32F4xx_HAL_Driver/Src/stm32f4xx_hal_spi.c.obj
 .text.HAL_SPI_Init
                0x08007b1c       0xbe CMakeFiles/RMTest.elf.dir/Drivers/STM32F4xx_HAL_Driver/Src/stm32f4xx_hal_spi.c.obj
                0x08007b1c                HAL_SPI_Init
 .text.HAL_SPI_TransmitReceive
                0x08007bda      0x254 CMakeFiles/RMTest.elf.dir/Drivers/STM32F4xx_HAL_Driver/Src/stm32f4xx_hal_spi.c.obj
                0x08007bda                HAL_SPI_TransmitReceive
 *fill*         0x08007e2e        0x2 
 .text.TIM_OC1_SetConfig
                0x08007e30       0x68 CMakeFiles/RMTest.elf.dir/Drivers/STM32F4xx_HAL_Driver/Src/stm32f4xx_hal_tim.c.obj
 .text.TIM_OC3_SetConfig
                0x08007e98       0x70 CMakeFiles/RMTest.elf.dir/Drivers/STM32F4xx_HAL_Driver/Src/stm32f4xx_hal_tim.c.obj
 .text.TIM_OC4_SetConfig
                0x08007f08       0x50 CMakeFiles/RMTest.elf.dir/Drivers/STM32F4xx_HAL_Driver/Src/stm32f4xx_hal_tim.c.obj
 .text.TIM_TI1_ConfigInputStage
                0x08007f58       0x26 CMakeFiles/RMTest.elf.dir/Drivers/STM32F4xx_HAL_Driver/Src/stm32f4xx_hal_tim.c.obj
 .text.TIM_TI2_ConfigInputStage
                0x08007f7e       0x28 CMakeFiles/RMTest.elf.dir/Drivers/STM32F4xx_HAL_Driver/Src/stm32f4xx_hal_tim.c.obj
 .text.TIM_ITRx_SetConfig
                0x08007fa6       0x10 CMakeFiles/RMTest.elf.dir/Drivers/STM32F4xx_HAL_Driver/Src/stm32f4xx_hal_tim.c.obj
 *fill*         0x08007fb6        0x2 
 .text.HAL_TIM_Base_Start_IT
                0x08007fb8       0x88 CMakeFiles/RMTest.elf.dir/Drivers/STM32F4xx_HAL_Driver/Src/stm32f4xx_hal_tim.c.obj
                0x08007fb8                HAL_TIM_Base_Start_IT
 .text.HAL_TIM_PWM_MspInit
                0x08008040        0x2 CMakeFiles/RMTest.elf.dir/Drivers/STM32F4xx_HAL_Driver/Src/stm32f4xx_hal_tim.c.obj
                0x08008040                HAL_TIM_PWM_MspInit
 .text.HAL_TIM_OC_DelayElapsedCallback
                0x08008042        0x2 CMakeFiles/RMTest.elf.dir/Drivers/STM32F4xx_HAL_Driver/Src/stm32f4xx_hal_tim.c.obj
                0x08008042                HAL_TIM_OC_DelayElapsedCallback
 .text.HAL_TIM_IC_CaptureCallback
                0x08008044        0x2 CMakeFiles/RMTest.elf.dir/Drivers/STM32F4xx_HAL_Driver/Src/stm32f4xx_hal_tim.c.obj
                0x08008044                HAL_TIM_IC_CaptureCallback
 .text.HAL_TIM_PWM_PulseFinishedCallback
                0x08008046        0x2 CMakeFiles/RMTest.elf.dir/Drivers/STM32F4xx_HAL_Driver/Src/stm32f4xx_hal_tim.c.obj
                0x08008046                HAL_TIM_PWM_PulseFinishedCallback
 .text.HAL_TIM_TriggerCallback
                0x08008048        0x2 CMakeFiles/RMTest.elf.dir/Drivers/STM32F4xx_HAL_Driver/Src/stm32f4xx_hal_tim.c.obj
                0x08008048                HAL_TIM_TriggerCallback
 .text.HAL_TIM_IRQHandler
                0x0800804a      0x15e CMakeFiles/RMTest.elf.dir/Drivers/STM32F4xx_HAL_Driver/Src/stm32f4xx_hal_tim.c.obj
                0x0800804a                HAL_TIM_IRQHandler
 .text.TIM_Base_SetConfig
                0x080081a8       0xd8 CMakeFiles/RMTest.elf.dir/Drivers/STM32F4xx_HAL_Driver/Src/stm32f4xx_hal_tim.c.obj
                0x080081a8                TIM_Base_SetConfig
 .text.HAL_TIM_Base_Init
                0x08008280       0x58 CMakeFiles/RMTest.elf.dir/Drivers/STM32F4xx_HAL_Driver/Src/stm32f4xx_hal_tim.c.obj
                0x08008280                HAL_TIM_Base_Init
 .text.HAL_TIM_PWM_Init
                0x080082d8       0x58 CMakeFiles/RMTest.elf.dir/Drivers/STM32F4xx_HAL_Driver/Src/stm32f4xx_hal_tim.c.obj
                0x080082d8                HAL_TIM_PWM_Init
 .text.TIM_OC2_SetConfig
                0x08008330       0x70 CMakeFiles/RMTest.elf.dir/Drivers/STM32F4xx_HAL_Driver/Src/stm32f4xx_hal_tim.c.obj
                0x08008330                TIM_OC2_SetConfig
 .text.HAL_TIM_PWM_ConfigChannel
                0x080083a0       0xdc CMakeFiles/RMTest.elf.dir/Drivers/STM32F4xx_HAL_Driver/Src/stm32f4xx_hal_tim.c.obj
                0x080083a0                HAL_TIM_PWM_ConfigChannel
 .text.TIM_ETR_SetConfig
                0x0800847c       0x1a CMakeFiles/RMTest.elf.dir/Drivers/STM32F4xx_HAL_Driver/Src/stm32f4xx_hal_tim.c.obj
                0x0800847c                TIM_ETR_SetConfig
 .text.HAL_TIM_ConfigClockSource
                0x08008496       0xfe CMakeFiles/RMTest.elf.dir/Drivers/STM32F4xx_HAL_Driver/Src/stm32f4xx_hal_tim.c.obj
                0x08008496                HAL_TIM_ConfigClockSource
 .text.TIM_CCxChannelCmd
                0x08008594       0x1e CMakeFiles/RMTest.elf.dir/Drivers/STM32F4xx_HAL_Driver/Src/stm32f4xx_hal_tim.c.obj
                0x08008594                TIM_CCxChannelCmd
 *fill*         0x080085b2        0x2 
 .text.HAL_TIM_PWM_Start
                0x080085b4      0x104 CMakeFiles/RMTest.elf.dir/Drivers/STM32F4xx_HAL_Driver/Src/stm32f4xx_hal_tim.c.obj
                0x080085b4                HAL_TIM_PWM_Start
 .text.HAL_TIMEx_MasterConfigSynchronization
                0x080086b8       0x8c CMakeFiles/RMTest.elf.dir/Drivers/STM32F4xx_HAL_Driver/Src/stm32f4xx_hal_tim_ex.c.obj
                0x080086b8                HAL_TIMEx_MasterConfigSynchronization
 .text.HAL_TIMEx_CommutCallback
                0x08008744        0x2 CMakeFiles/RMTest.elf.dir/Drivers/STM32F4xx_HAL_Driver/Src/stm32f4xx_hal_tim_ex.c.obj
                0x08008744                HAL_TIMEx_CommutCallback
 .text.HAL_TIMEx_BreakCallback
                0x08008746        0x2 CMakeFiles/RMTest.elf.dir/Drivers/STM32F4xx_HAL_Driver/Src/stm32f4xx_hal_tim_ex.c.obj
                0x08008746                HAL_TIMEx_BreakCallback
 .text.UART_EndRxTransfer
                0x08008748       0x5c CMakeFiles/RMTest.elf.dir/Drivers/STM32F4xx_HAL_Driver/Src/stm32f4xx_hal_uart.c.obj
 .text.UART_Transmit_IT
                0x080087a4       0x60 CMakeFiles/RMTest.elf.dir/Drivers/STM32F4xx_HAL_Driver/Src/stm32f4xx_hal_uart.c.obj
 .text.UART_SetConfig
                0x08008804      0x110 CMakeFiles/RMTest.elf.dir/Drivers/STM32F4xx_HAL_Driver/Src/stm32f4xx_hal_uart.c.obj
 .text.HAL_UART_Init
                0x08008914       0x60 CMakeFiles/RMTest.elf.dir/Drivers/STM32F4xx_HAL_Driver/Src/stm32f4xx_hal_uart.c.obj
                0x08008914                HAL_UART_Init
 .text.HAL_UART_TxCpltCallback
                0x08008974        0x2 CMakeFiles/RMTest.elf.dir/Drivers/STM32F4xx_HAL_Driver/Src/stm32f4xx_hal_uart.c.obj
                0x08008974                HAL_UART_TxCpltCallback
 .text.UART_EndTransmit_IT
                0x08008976       0x1a CMakeFiles/RMTest.elf.dir/Drivers/STM32F4xx_HAL_Driver/Src/stm32f4xx_hal_uart.c.obj
 .text.HAL_UART_RxCpltCallback
                0x08008990        0x2 CMakeFiles/RMTest.elf.dir/Drivers/STM32F4xx_HAL_Driver/Src/stm32f4xx_hal_uart.c.obj
                0x08008990                HAL_UART_RxCpltCallback
 .text.HAL_UART_ErrorCallback
                0x08008992        0x2 CMakeFiles/RMTest.elf.dir/Drivers/STM32F4xx_HAL_Driver/Src/stm32f4xx_hal_uart.c.obj
                0x08008992                HAL_UART_ErrorCallback
 .text.UART_DMAAbortOnError
                0x08008994       0x10 CMakeFiles/RMTest.elf.dir/Drivers/STM32F4xx_HAL_Driver/Src/stm32f4xx_hal_uart.c.obj
 .text.HAL_UARTEx_RxEventCallback
                0x080089a4        0x2 CMakeFiles/RMTest.elf.dir/Drivers/STM32F4xx_HAL_Driver/Src/stm32f4xx_hal_uart.c.obj
                0x080089a4                HAL_UARTEx_RxEventCallback
 .text.UART_Receive_IT
                0x080089a6       0xe6 CMakeFiles/RMTest.elf.dir/Drivers/STM32F4xx_HAL_Driver/Src/stm32f4xx_hal_uart.c.obj
 .text.HAL_UART_IRQHandler
                0x08008a8c      0x288 CMakeFiles/RMTest.elf.dir/Drivers/STM32F4xx_HAL_Driver/Src/stm32f4xx_hal_uart.c.obj
                0x08008a8c                HAL_UART_IRQHandler
 .text.__errno  0x08008d14        0xc c:/progra~2/gnuarm~1/102021~1.10/bin/../lib/gcc/arm-none-eabi/10.3.1/../../../../arm-none-eabi/lib/thumb/v7e-m+fp/hard\libg.a(lib_a-errno.o)
                0x08008d14                __errno
 .text.__libc_init_array
                0x08008d20       0x48 c:/progra~2/gnuarm~1/102021~1.10/bin/../lib/gcc/arm-none-eabi/10.3.1/../../../../arm-none-eabi/lib/thumb/v7e-m+fp/hard\libg.a(lib_a-init.o)
                0x08008d20                __libc_init_array
 .text.malloc   0x08008d68       0x10 c:/progra~2/gnuarm~1/102021~1.10/bin/../lib/gcc/arm-none-eabi/10.3.1/../../../../arm-none-eabi/lib/thumb/v7e-m+fp/hard\libg.a(lib_a-malloc.o)
                0x08008d68                malloc
 .text._malloc_r
                0x08008d78      0x560 c:/progra~2/gnuarm~1/102021~1.10/bin/../lib/gcc/arm-none-eabi/10.3.1/../../../../arm-none-eabi/lib/thumb/v7e-m+fp/hard\libg.a(lib_a-mallocr.o)
                0x08008d78                _malloc_r
 .text.memset   0x080092d8       0xa4 c:/progra~2/gnuarm~1/102021~1.10/bin/../lib/gcc/arm-none-eabi/10.3.1/../../../../arm-none-eabi/lib/thumb/v7e-m+fp/hard\libg.a(lib_a-memset.o)
                0x080092d8                memset
 .text.__malloc_lock
                0x0800937c        0xc c:/progra~2/gnuarm~1/102021~1.10/bin/../lib/gcc/arm-none-eabi/10.3.1/../../../../arm-none-eabi/lib/thumb/v7e-m+fp/hard\libg.a(lib_a-mlock.o)
                0x0800937c                __malloc_lock
 .text.__malloc_unlock
                0x08009388        0xc c:/progra~2/gnuarm~1/102021~1.10/bin/../lib/gcc/arm-none-eabi/10.3.1/../../../../arm-none-eabi/lib/thumb/v7e-m+fp/hard\libg.a(lib_a-mlock.o)
                0x08009388                __malloc_unlock
 .text._sbrk_r  0x08009394       0x24 c:/progra~2/gnuarm~1/102021~1.10/bin/../lib/gcc/arm-none-eabi/10.3.1/../../../../arm-none-eabi/lib/thumb/v7e-m+fp/hard\libg.a(lib_a-sbrkr.o)
                0x08009394                _sbrk_r
 .text.startup.register_fini
                0x080093b8       0x14 c:/progra~2/gnuarm~1/102021~1.10/bin/../lib/gcc/arm-none-eabi/10.3.1/../../../../arm-none-eabi/lib/thumb/v7e-m+fp/hard\libg.a(lib_a-__call_atexit.o)
 .text.atexit   0x080093cc        0xc c:/progra~2/gnuarm~1/102021~1.10/bin/../lib/gcc/arm-none-eabi/10.3.1/../../../../arm-none-eabi/lib/thumb/v7e-m+fp/hard\libg.a(lib_a-atexit.o)
                0x080093cc                atexit
 .text.__libc_fini_array
                0x080093d8       0x2c c:/progra~2/gnuarm~1/102021~1.10/bin/../lib/gcc/arm-none-eabi/10.3.1/../../../../arm-none-eabi/lib/thumb/v7e-m+fp/hard\libg.a(lib_a-fini.o)
                0x080093d8                __libc_fini_array
 .text._malloc_trim_r
                0x08009404       0xa0 c:/progra~2/gnuarm~1/102021~1.10/bin/../lib/gcc/arm-none-eabi/10.3.1/../../../../arm-none-eabi/lib/thumb/v7e-m+fp/hard\libg.a(lib_a-freer.o)
                0x08009404                _malloc_trim_r
 .text._free_r  0x080094a4      0x20c c:/progra~2/gnuarm~1/102021~1.10/bin/../lib/gcc/arm-none-eabi/10.3.1/../../../../arm-none-eabi/lib/thumb/v7e-m+fp/hard\libg.a(lib_a-freer.o)
                0x080094a4                _free_r
 .text.__retarget_lock_acquire_recursive
                0x080096b0        0x4 c:/progra~2/gnuarm~1/102021~1.10/bin/../lib/gcc/arm-none-eabi/10.3.1/../../../../arm-none-eabi/lib/thumb/v7e-m+fp/hard\libg.a(lib_a-lock.o)
                0x080096b0                __retarget_lock_acquire_recursive
 .text.__retarget_lock_release_recursive
                0x080096b4        0x4 c:/progra~2/gnuarm~1/102021~1.10/bin/../lib/gcc/arm-none-eabi/10.3.1/../../../../arm-none-eabi/lib/thumb/v7e-m+fp/hard\libg.a(lib_a-lock.o)
                0x080096b4                __retarget_lock_release_recursive
 .text.__register_exitproc
                0x080096b8       0x8c c:/progra~2/gnuarm~1/102021~1.10/bin/../lib/gcc/arm-none-eabi/10.3.1/../../../../arm-none-eabi/lib/thumb/v7e-m+fp/hard\libg.a(lib_a-__atexit.o)
                0x080096b8                __register_exitproc
 .text.acosf    0x08009744       0x58 c:/progra~2/gnuarm~1/102021~1.10/bin/../lib/gcc/arm-none-eabi/10.3.1/../../../../arm-none-eabi/lib/thumb/v7e-m+fp/hard\libm.a(lib_a-wf_acos.o)
                0x08009744                acosf
 .text.asinf    0x0800979c       0x58 c:/progra~2/gnuarm~1/102021~1.10/bin/../lib/gcc/arm-none-eabi/10.3.1/../../../../arm-none-eabi/lib/thumb/v7e-m+fp/hard\libm.a(lib_a-wf_asin.o)
                0x0800979c                asinf
 .text.atan2f   0x080097f4        0x4 c:/progra~2/gnuarm~1/102021~1.10/bin/../lib/gcc/arm-none-eabi/10.3.1/../../../../arm-none-eabi/lib/thumb/v7e-m+fp/hard\libm.a(lib_a-wf_atan2.o)
                0x080097f4                atan2f
 .text.sqrtf    0x080097f8       0x44 c:/progra~2/gnuarm~1/102021~1.10/bin/../lib/gcc/arm-none-eabi/10.3.1/../../../../arm-none-eabi/lib/thumb/v7e-m+fp/hard\libm.a(lib_a-wf_sqrt.o)
                0x080097f8                sqrtf
 .text.__ieee754_acosf
                0x0800983c      0x248 c:/progra~2/gnuarm~1/102021~1.10/bin/../lib/gcc/arm-none-eabi/10.3.1/../../../../arm-none-eabi/lib/thumb/v7e-m+fp/hard\libm.a(lib_a-ef_acos.o)
                0x0800983c                __ieee754_acosf
 .text.__ieee754_asinf
                0x08009a84      0x20c c:/progra~2/gnuarm~1/102021~1.10/bin/../lib/gcc/arm-none-eabi/10.3.1/../../../../arm-none-eabi/lib/thumb/v7e-m+fp/hard\libm.a(lib_a-ef_asin.o)
                0x08009a84                __ieee754_asinf
 .text.__ieee754_atan2f
                0x08009c90      0x150 c:/progra~2/gnuarm~1/102021~1.10/bin/../lib/gcc/arm-none-eabi/10.3.1/../../../../arm-none-eabi/lib/thumb/v7e-m+fp/hard\libm.a(lib_a-ef_atan2.o)
                0x08009c90                __ieee754_atan2f
 .text.__ieee754_sqrtf
                0x08009de0        0x8 c:/progra~2/gnuarm~1/102021~1.10/bin/../lib/gcc/arm-none-eabi/10.3.1/../../../../arm-none-eabi/lib/thumb/v7e-m+fp/hard\libm.a(lib_a-ef_sqrt.o)
                0x08009de0                __ieee754_sqrtf
 .text.atanf    0x08009de8      0x1b4 c:/progra~2/gnuarm~1/102021~1.10/bin/../lib/gcc/arm-none-eabi/10.3.1/../../../../arm-none-eabi/lib/thumb/v7e-m+fp/hard\libm.a(lib_a-sf_atan.o)
                0x08009de8                atanf
 .text.fabsf    0x08009f9c       0x10 c:/progra~2/gnuarm~1/102021~1.10/bin/../lib/gcc/arm-none-eabi/10.3.1/../../../../arm-none-eabi/lib/thumb/v7e-m+fp/hard\libm.a(lib_a-sf_fabs.o)
                0x08009f9c                fabsf
 .text.nanf     0x08009fac        0xc c:/progra~2/gnuarm~1/102021~1.10/bin/../lib/gcc/arm-none-eabi/10.3.1/../../../../arm-none-eabi/lib/thumb/v7e-m+fp/hard\libm.a(lib_a-sf_nan.o)
                0x08009fac                nanf
 *(.glue_7)
 .glue_7        0x08009fb8        0x0 linker stubs
 *(.glue_7t)
 .glue_7t       0x08009fb8        0x0 linker stubs
 *(.eh_frame)
 .eh_frame      0x08009fb8        0x0 c:/progra~2/gnuarm~1/102021~1.10/bin/../lib/gcc/arm-none-eabi/10.3.1/thumb/v7e-m+fp/hard/crtbegin.o
 *(.init)
 .init          0x08009fb8        0x4 c:/progra~2/gnuarm~1/102021~1.10/bin/../lib/gcc/arm-none-eabi/10.3.1/thumb/v7e-m+fp/hard/crti.o
                0x08009fb8                _init
 .init          0x08009fbc        0x8 c:/progra~2/gnuarm~1/102021~1.10/bin/../lib/gcc/arm-none-eabi/10.3.1/thumb/v7e-m+fp/hard/crtn.o
 *(.fini)
 .fini          0x08009fc4        0x4 c:/progra~2/gnuarm~1/102021~1.10/bin/../lib/gcc/arm-none-eabi/10.3.1/thumb/v7e-m+fp/hard/crti.o
                0x08009fc4                _fini
 .fini          0x08009fc8        0x8 c:/progra~2/gnuarm~1/102021~1.10/bin/../lib/gcc/arm-none-eabi/10.3.1/thumb/v7e-m+fp/hard/crtn.o
                0x08009fd0                . = ALIGN (0x4)
                0x08009fd0                _etext = .

.vfp11_veneer   0x08009fd0        0x0
 .vfp11_veneer  0x08009fd0        0x0 linker stubs

.v4_bx          0x08009fd0        0x0
 .v4_bx         0x08009fd0        0x0 linker stubs

.iplt           0x08009fd0        0x0
 .iplt          0x08009fd0        0x0 c:/progra~2/gnuarm~1/102021~1.10/bin/../lib/gcc/arm-none-eabi/10.3.1/thumb/v7e-m+fp/hard/crtbegin.o

.rodata         0x08009fd0      0x948
                0x08009fd0                . = ALIGN (0x4)
 *(.rodata)
 .rodata        0x08009fd0        0x8 CMakeFiles/RMTest.elf.dir/Devices/BMI088driver.c.obj
 *(.rodata*)
 .rodata.IMU_QuaternionEKF_F
                0x08009fd8       0x90 CMakeFiles/RMTest.elf.dir/Algorithm/QuaternionEKF.c.obj
                0x08009fd8                IMU_QuaternionEKF_F
 .rodata.xb     0x0800a068        0xc CMakeFiles/RMTest.elf.dir/Application/ins_task.c.obj
                0x0800a068                xb
 .rodata.yb     0x0800a074        0xc CMakeFiles/RMTest.elf.dir/Application/ins_task.c.obj
                0x0800a074                yb
 .rodata.zb     0x0800a080        0xc CMakeFiles/RMTest.elf.dir/Application/ins_task.c.obj
                0x0800a080                zb
 .rodata.AHBPrescTable
                0x0800a08c       0x10 CMakeFiles/RMTest.elf.dir/Core/Src/system_stm32f4xx.c.obj
                0x0800a08c                AHBPrescTable
 .rodata.APBPrescTable
                0x0800a09c        0x8 CMakeFiles/RMTest.elf.dir/Core/Src/system_stm32f4xx.c.obj
                0x0800a09c                APBPrescTable
 .rodata.sinTable_f32
                0x0800a0a4      0x804 CMakeFiles/RMTest.elf.dir/DSP_Lib/Source/CommonTables/arm_common_tables.c.obj
                0x0800a0a4                sinTable_f32
 .rodata.write_BMI088_accel_reg_data_error
                0x0800a8a8       0x12 CMakeFiles/RMTest.elf.dir/Devices/BMI088driver.c.obj
 *fill*         0x0800a8ba        0x2 
 .rodata.write_BMI088_gyro_reg_data_error
                0x0800a8bc       0x12 CMakeFiles/RMTest.elf.dir/Devices/BMI088driver.c.obj
 *fill*         0x0800a8ce        0x2 
 .rodata.flagBitshiftOffset.0
                0x0800a8d0        0x8 CMakeFiles/RMTest.elf.dir/Drivers/STM32F4xx_HAL_Driver/Src/stm32f4xx_hal_dma.c.obj
 .rodata._global_impure_ptr
                0x0800a8d8        0x4 c:/progra~2/gnuarm~1/102021~1.10/bin/../lib/gcc/arm-none-eabi/10.3.1/../../../../arm-none-eabi/lib/thumb/v7e-m+fp/hard\libg.a(lib_a-impure.o)
                0x0800a8d8                _global_impure_ptr
 .rodata.acosf.str1.4
                0x0800a8dc        0x1 c:/progra~2/gnuarm~1/102021~1.10/bin/../lib/gcc/arm-none-eabi/10.3.1/../../../../arm-none-eabi/lib/thumb/v7e-m+fp/hard\libm.a(lib_a-wf_acos.o)
 .rodata.asinf.str1.4
                0x0800a8dd        0x1 c:/progra~2/gnuarm~1/102021~1.10/bin/../lib/gcc/arm-none-eabi/10.3.1/../../../../arm-none-eabi/lib/thumb/v7e-m+fp/hard\libm.a(lib_a-wf_asin.o)
 *fill*         0x0800a8dd        0x3 
 .rodata.CSWTCH.8
                0x0800a8e0        0xc c:/progra~2/gnuarm~1/102021~1.10/bin/../lib/gcc/arm-none-eabi/10.3.1/../../../../arm-none-eabi/lib/thumb/v7e-m+fp/hard\libm.a(lib_a-ef_atan2.o)
 .rodata.CSWTCH.9
                0x0800a8ec        0xc c:/progra~2/gnuarm~1/102021~1.10/bin/../lib/gcc/arm-none-eabi/10.3.1/../../../../arm-none-eabi/lib/thumb/v7e-m+fp/hard\libm.a(lib_a-ef_atan2.o)
 .rodata.atanhi
                0x0800a8f8       0x10 c:/progra~2/gnuarm~1/102021~1.10/bin/../lib/gcc/arm-none-eabi/10.3.1/../../../../arm-none-eabi/lib/thumb/v7e-m+fp/hard\libm.a(lib_a-sf_atan.o)
 .rodata.atanlo
                0x0800a908       0x10 c:/progra~2/gnuarm~1/102021~1.10/bin/../lib/gcc/arm-none-eabi/10.3.1/../../../../arm-none-eabi/lib/thumb/v7e-m+fp/hard\libm.a(lib_a-sf_atan.o)
                0x0800a918                . = ALIGN (0x4)

.ARM.extab      0x0800a918        0x0
                0x0800a918                . = ALIGN (0x4)
 *(.ARM.extab* .gnu.linkonce.armextab.*)
                0x0800a918                . = ALIGN (0x4)

.ARM            0x0800a918        0x8
                0x0800a918                . = ALIGN (0x4)
                0x0800a918                __exidx_start = .
 *(.ARM.exidx*)
 .ARM.exidx     0x0800a918        0x8 c:/progra~2/gnuarm~1/102021~1.10/bin/../lib/gcc/arm-none-eabi/10.3.1/thumb/v7e-m+fp/hard\libgcc.a(_udivmoddi4.o)
                0x0800a920                __exidx_end = .
                0x0800a920                . = ALIGN (0x4)

.rel.dyn        0x0800a920        0x0
 .rel.iplt      0x0800a920        0x0 c:/progra~2/gnuarm~1/102021~1.10/bin/../lib/gcc/arm-none-eabi/10.3.1/thumb/v7e-m+fp/hard/crtbegin.o

.preinit_array  0x0800a920        0x0
                0x0800a920                . = ALIGN (0x4)
                0x0800a920                PROVIDE (__preinit_array_start = .)
 *(.preinit_array*)
                0x0800a920                PROVIDE (__preinit_array_end = .)
                0x0800a920                . = ALIGN (0x4)

.init_array     0x0800a920        0x8
                0x0800a920                . = ALIGN (0x4)
                0x0800a920                PROVIDE (__init_array_start = .)
 *(SORT_BY_NAME(.init_array.*))
 .init_array.00000
                0x0800a920        0x4 c:/progra~2/gnuarm~1/102021~1.10/bin/../lib/gcc/arm-none-eabi/10.3.1/../../../../arm-none-eabi/lib/thumb/v7e-m+fp/hard\libg.a(lib_a-__call_atexit.o)
 *(.init_array*)
 .init_array    0x0800a924        0x4 c:/progra~2/gnuarm~1/102021~1.10/bin/../lib/gcc/arm-none-eabi/10.3.1/thumb/v7e-m+fp/hard/crtbegin.o
                0x0800a928                PROVIDE (__init_array_end = .)
                0x0800a928                . = ALIGN (0x4)

.fini_array     0x0800a928        0x4
                0x0800a928                . = ALIGN (0x4)
                0x0800a928                PROVIDE (__fini_array_start = .)
 *(SORT_BY_NAME(.fini_array.*))
 *(.fini_array*)
 .fini_array    0x0800a928        0x4 c:/progra~2/gnuarm~1/102021~1.10/bin/../lib/gcc/arm-none-eabi/10.3.1/thumb/v7e-m+fp/hard/crtbegin.o
                0x0800a92c                PROVIDE (__fini_array_end = .)
                0x0800a92c                . = ALIGN (0x4)
                0x0800a92c                _sidata = LOADADDR (.data)

.data           0x20000000      0x92c load address 0x0800a92c
                0x20000000                . = ALIGN (0x4)
                0x20000000                _sdata = .
 *(.data)
 *(.data*)
 .data.IMU_QuaternionEKF_P
                0x20000000       0x90 CMakeFiles/RMTest.elf.dir/Algorithm/QuaternionEKF.c.obj
                0x20000000                IMU_QuaternionEKF_P
 .data.RefTemp  0x20000090        0x4 CMakeFiles/RMTest.elf.dir/Application/ins_task.c.obj
                0x20000090                RefTemp
 .data.RC_Ctl   0x20000094       0x14 CMakeFiles/RMTest.elf.dir/Core/Src/main.c.obj
                0x20000094                RC_Ctl
 .data.DM_TargerPosition
                0x200000a8        0x4 CMakeFiles/RMTest.elf.dir/Core/Src/stm32f4xx_it.c.obj
                0x200000a8                DM_TargerPosition
 .data.DM_TargerPosition_tmp
                0x200000ac        0x4 CMakeFiles/RMTest.elf.dir/Core/Src/stm32f4xx_it.c.obj
                0x200000ac                DM_TargerPosition_tmp
 .data.M2006_status
                0x200000b0        0x1 CMakeFiles/RMTest.elf.dir/Core/Src/stm32f4xx_it.c.obj
                0x200000b0                M2006_status
 *fill*         0x200000b1        0x3 
 .data.SystemCoreClock
                0x200000b4        0x4 CMakeFiles/RMTest.elf.dir/Core/Src/system_stm32f4xx.c.obj
                0x200000b4                SystemCoreClock
 .data.BMI088_ACCEL_SEN
                0x200000b8        0x4 CMakeFiles/RMTest.elf.dir/Devices/BMI088driver.c.obj
                0x200000b8                BMI088_ACCEL_SEN
 .data.BMI088_GYRO_SEN
                0x200000bc        0x4 CMakeFiles/RMTest.elf.dir/Devices/BMI088driver.c.obj
                0x200000bc                BMI088_GYRO_SEN
 .data.caliOffset
                0x200000c0        0x1 CMakeFiles/RMTest.elf.dir/Devices/BMI088driver.c.obj
                0x200000c0                caliOffset
 *fill*         0x200000c1        0x3 
 .data.Position_Kp_6020
                0x200000c4        0x4 CMakeFiles/RMTest.elf.dir/Driver/Driver_6020.c.obj
                0x200000c4                Position_Kp_6020
 .data.Speed_Ki_6020
                0x200000c8        0x4 CMakeFiles/RMTest.elf.dir/Driver/Driver_6020.c.obj
                0x200000c8                Speed_Ki_6020
 .data.Speed_Kp_6020
                0x200000cc        0x4 CMakeFiles/RMTest.elf.dir/Driver/Driver_6020.c.obj
                0x200000cc                Speed_Kp_6020
 .data.Pos_Kp_2006
                0x200000d0        0x4 CMakeFiles/RMTest.elf.dir/Driver/Driver_M2006.c.obj
                0x200000d0                Pos_Kp_2006
 .data.PreviousPosition.0
                0x200000d4        0x2 CMakeFiles/RMTest.elf.dir/Driver/Driver_M2006.c.obj
 *fill*         0x200000d6        0x2 
 .data.Speed_Ki_2006
                0x200000d8        0x4 CMakeFiles/RMTest.elf.dir/Driver/Driver_M2006.c.obj
                0x200000d8                Speed_Ki_2006
 .data.Speed_Kp_2006
                0x200000dc        0x4 CMakeFiles/RMTest.elf.dir/Driver/Driver_M2006.c.obj
                0x200000dc                Speed_Kp_2006
 .data.uwTickFreq
                0x200000e0        0x1 CMakeFiles/RMTest.elf.dir/Drivers/STM32F4xx_HAL_Driver/Src/stm32f4xx_hal.c.obj
                0x200000e0                uwTickFreq
 *fill*         0x200000e1        0x3 
 .data.uwTickPrio
                0x200000e4        0x4 CMakeFiles/RMTest.elf.dir/Drivers/STM32F4xx_HAL_Driver/Src/stm32f4xx_hal.c.obj
                0x200000e4                uwTickPrio
 .data._impure_ptr
                0x200000e8        0x4 c:/progra~2/gnuarm~1/102021~1.10/bin/../lib/gcc/arm-none-eabi/10.3.1/../../../../arm-none-eabi/lib/thumb/v7e-m+fp/hard\libg.a(lib_a-impure.o)
                0x200000e8                _impure_ptr
 *fill*         0x200000ec        0x4 
 .data.impure_data
                0x200000f0      0x428 c:/progra~2/gnuarm~1/102021~1.10/bin/../lib/gcc/arm-none-eabi/10.3.1/../../../../arm-none-eabi/lib/thumb/v7e-m+fp/hard\libg.a(lib_a-impure.o)
 .data.__malloc_av_
                0x20000518      0x408 c:/progra~2/gnuarm~1/102021~1.10/bin/../lib/gcc/arm-none-eabi/10.3.1/../../../../arm-none-eabi/lib/thumb/v7e-m+fp/hard\libg.a(lib_a-mallocr.o)
                0x20000518                __malloc_av_
 .data.__malloc_sbrk_base
                0x20000920        0x4 c:/progra~2/gnuarm~1/102021~1.10/bin/../lib/gcc/arm-none-eabi/10.3.1/../../../../arm-none-eabi/lib/thumb/v7e-m+fp/hard\libg.a(lib_a-mallocr.o)
                0x20000920                __malloc_sbrk_base
 .data.__malloc_trim_threshold
                0x20000924        0x4 c:/progra~2/gnuarm~1/102021~1.10/bin/../lib/gcc/arm-none-eabi/10.3.1/../../../../arm-none-eabi/lib/thumb/v7e-m+fp/hard\libg.a(lib_a-mallocr.o)
                0x20000924                __malloc_trim_threshold
 .data.__atexit_recursive_mutex